Archive member included to satisfy reference by file (symbol)

../../libDaisy//build\libdaisy.a(daisy_patch_sm.o)
                              build/AmpSim.o (daisy::patch_sm::DaisyPatchSM::Init())
../../libDaisy//build\libdaisy.a(codec_pcm3060.o)
                              ../../libDaisy//build\libdaisy.a(daisy_patch_sm.o) (daisy::Pcm3060::Init(daisy::I2CHandle))
../../libDaisy//build\libdaisy.a(sdram.o)
                              ../../libDaisy//build\libdaisy.a(daisy_patch_sm.o) (SdramHandle::Init())
../../libDaisy//build\libdaisy.a(audio.o)
                              ../../libDaisy//build\libdaisy.a(daisy_patch_sm.o) (daisy::AudioHandle::Init(daisy::AudioHandle::Config const&, daisy::SaiHandle))
../../libDaisy//build\libdaisy.a(ctrl.o)
                              ../../libDaisy//build\libdaisy.a(daisy_patch_sm.o) (daisy::AnalogControl::Init(unsigned short*, float, bool, bool, float))
../../libDaisy//build\libdaisy.a(gatein.o)
                              build/AmpSim.o (daisy::GateIn::Init(daisy::Pin, bool))
../../libDaisy//build\libdaisy.a(led.o)
                              build/AmpSim.o (daisy::Led::Init(dsy_gpio_pin, bool, float))
../../libDaisy//build\libdaisy.a(switch.o)
                              build/AmpSim.o (daisy::Switch::Init(dsy_gpio_pin, float))
../../libDaisy//build\libdaisy.a(adc.o)
                              ../../libDaisy//build\libdaisy.a(daisy_patch_sm.o) (daisy::AdcChannelConfig::InitSingle(dsy_gpio_pin, daisy::AdcChannelConfig::ConversionSpeed))
../../libDaisy//build\libdaisy.a(dac.o)
                              ../../libDaisy//build\libdaisy.a(daisy_patch_sm.o) (daisy::DacHandle::Init(daisy::DacHandle::Config const&))
../../libDaisy//build\libdaisy.a(gpio.o)
                              build/AmpSim.o (daisy::GPIO::Init(daisy::Pin, daisy::GPIO::Mode, daisy::GPIO::Pull, daisy::GPIO::Speed))
../../libDaisy//build\libdaisy.a(i2c.o)
                              ../../libDaisy//build\libdaisy.a(daisy_patch_sm.o) (daisy::I2CHandle::Init(daisy::I2CHandle::Config const&))
../../libDaisy//build\libdaisy.a(qspi.o)
                              ../../libDaisy//build\libdaisy.a(daisy_patch_sm.o) (daisy::QSPIHandle::Init(daisy::QSPIHandle::Config const&))
../../libDaisy//build\libdaisy.a(sai.o)
                              ../../libDaisy//build\libdaisy.a(daisy_patch_sm.o) (daisy::SaiHandle::Init(daisy::SaiHandle::Config const&))
../../libDaisy//build\libdaisy.a(system.o)
                              ../../libDaisy//build\libdaisy.a(switch.o) (daisy::System::GetNow())
../../libDaisy//build\libdaisy.a(system_stm32h7xx.o)
                              build/startup_stm32h750xx.o (SystemInit)
../../libDaisy//build\libdaisy.a(usbd_conf.o)
                              ../../libDaisy//build\libdaisy.a(system.o) (hpcd_USB_OTG_HS)
../../libDaisy//build\libdaisy.a(usbh_conf.o)
                              ../../libDaisy//build\libdaisy.a(system.o) (hhcd_USB_OTG_HS)
../../libDaisy//build\libdaisy.a(hal_map.o)
                              ../../libDaisy//build\libdaisy.a(gpio.o) (dsy_hal_map_get_port)
../../libDaisy//build\libdaisy.a(stm32h7xx_hal.o)
                              ../../libDaisy//build\libdaisy.a(system.o) (HAL_Init)
../../libDaisy//build\libdaisy.a(stm32h7xx_hal_adc.o)
                              ../../libDaisy//build\libdaisy.a(adc.o) (HAL_ADC_ConfigChannel)
../../libDaisy//build\libdaisy.a(stm32h7xx_hal_adc_ex.o)
                              ../../libDaisy//build\libdaisy.a(adc.o) (HAL_ADCEx_Calibration_Start)
../../libDaisy//build\libdaisy.a(stm32h7xx_hal_cortex.o)
                              ../../libDaisy//build\libdaisy.a(stm32h7xx_hal.o) (HAL_NVIC_SetPriorityGrouping)
../../libDaisy//build\libdaisy.a(stm32h7xx_hal_dac.o)
                              ../../libDaisy//build\libdaisy.a(dac.o) (HAL_DAC_Init)
../../libDaisy//build\libdaisy.a(stm32h7xx_hal_dac_ex.o)
                              ../../libDaisy//build\libdaisy.a(stm32h7xx_hal_dac.o) (HAL_DACEx_DMAUnderrunCallbackCh2)
../../libDaisy//build\libdaisy.a(stm32h7xx_hal_dma.o)
                              ../../libDaisy//build\libdaisy.a(adc.o) (HAL_DMA_Init)
../../libDaisy//build\libdaisy.a(stm32h7xx_hal_gpio.o)
                              ../../libDaisy//build\libdaisy.a(sdram.o) (HAL_GPIO_Init)
../../libDaisy//build\libdaisy.a(stm32h7xx_hal_hcd.o)
                              ../../libDaisy//build\libdaisy.a(usbh_conf.o) (HAL_HCD_HC_Init)
../../libDaisy//build\libdaisy.a(stm32h7xx_hal_i2c.o)
                              ../../libDaisy//build\libdaisy.a(i2c.o) (HAL_I2C_Init)
../../libDaisy//build\libdaisy.a(stm32h7xx_hal_i2c_ex.o)
                              ../../libDaisy//build\libdaisy.a(i2c.o) (HAL_I2CEx_ConfigAnalogFilter)
../../libDaisy//build\libdaisy.a(stm32h7xx_hal_pcd.o)
                              ../../libDaisy//build\libdaisy.a(usbd_conf.o) (HAL_PCD_Init)
../../libDaisy//build\libdaisy.a(stm32h7xx_hal_pcd_ex.o)
[...]
Memory Configuration

Name             Origin             Length             Attributes
FLASH            0x08000000         0x00020000         xr
DTCMRAM          0x20000000         0x00020000         xrw
SRAM             0x24000000         0x00080000         xrw
RAM_D2           0x30000000         0x00048000         xrw
RAM_D3           0x38000000         0x00010000         xrw
BACKUP_SRAM      0x38800000         0x00001000         xrw
ITCMRAM          0x00000000         0x00010000         xrw
SDRAM            0xc0000000         0x04000000         xrw
QSPIFLASH        0x90000000         0x00800000         xr
*default*        0x00000000         0xffffffff

Linker script and memory map

LOAD c:/program files/daisytoolchain/bin/../lib/gcc/arm-none-eabi/10.2.1/thumb/v7e-m+dp/hard/crti.o
LOAD c:/program files/daisytoolchain/bin/../lib/gcc/arm-none-eabi/10.2.1/thumb/v7e-m+dp/hard/crtbegin.o
LOAD c:/program files/daisytoolchain/bin/../lib/gcc/arm-none-eabi/10.2.1/../../../../arm-none-eabi/lib/thumb/v7e-m+dp/hard/crt0.o
LOAD build/startup_stm32h750xx.o
LOAD build/AmpSim.o
LOAD ../../libDaisy//build\libdaisy.a
LOAD c:/program files/daisytoolchain/bin/../lib/gcc/arm-none-eabi/10.2.1/../../../../arm-none-eabi/lib/thumb/v7e-m+dp/hard\libnosys.a
LOAD ../../DaisySP//build\libdaisysp.a
LOAD c:/program files/daisytoolchain/bin/../lib/gcc/arm-none-eabi/10.2.1/../../../../arm-none-eabi/lib/thumb/v7e-m+dp/hard\libstdc++_nano.a
LOAD c:/program files/daisytoolchain/bin/../lib/gcc/arm-none-eabi/10.2.1/../../../../arm-none-eabi/lib/thumb/v7e-m+dp/hard\libm.a
LOAD c:/program files/daisytoolchain/bin/../lib/gcc/arm-none-eabi/10.2.1/../../../../arm-none-eabi/lib/thumb/v7e-m+dp/hard\libc_nano.a
START GROUP
LOAD c:/program files/daisytoolchain/bin/../lib/gcc/arm-none-eabi/10.2.1/thumb/v7e-m+dp/hard\libgcc.a
LOAD c:/program files/daisytoolchain/bin/../lib/gcc/arm-none-eabi/10.2.1/../../../../arm-none-eabi/lib/thumb/v7e-m+dp/hard\libc_nano.a
END GROUP
START GROUP
LOAD c:/program files/daisytoolchain/bin/../lib/gcc/arm-none-eabi/10.2.1/thumb/v7e-m+dp/hard\libgcc.a
LOAD c:/program files/daisytoolchain/bin/../lib/gcc/arm-none-eabi/10.2.1/../../../../arm-none-eabi/lib/thumb/v7e-m+dp/hard\libc_nano.a
LOAD c:/program files/daisytoolchain/bin/../lib/gcc/arm-none-eabi/10.2.1/../../../../arm-none-eabi/lib/thumb/v7e-m+dp/hard\libnosys.a
END GROUP
START GROUP
LOAD c:/program files/daisytoolchain/bin/../lib/gcc/arm-none-eabi/10.2.1/thumb/v7e-m+dp/hard\libgcc.a
LOAD c:/program files/daisytoolchain/bin/../lib/gcc/arm-none-eabi/10.2.1/../../../../arm-none-eabi/lib/thumb/v7e-m+dp/hard\libc_nano.a
LOAD c:/program files/daisytoolchain/bin/../lib/gcc/arm-none-eabi/10.2.1/../../../../arm-none-eabi/lib/thumb/v7e-m+dp/hard\libnosys.a
END GROUP
LOAD c:/program files/daisytoolchain/bin/../lib/gcc/arm-none-eabi/10.2.1/thumb/v7e-m+dp/hard/crtend.o
LOAD c:/program files/daisytoolchain/bin/../lib/gcc/arm-none-eabi/10.2.1/thumb/v7e-m+dp/hard/crtn.o
                0x20020000                _estack = 0x20020000

.isr_vector     0x08000000      0x298
                0x08000000                . = ALIGN (0x4)
 *(.isr_vector)
 .isr_vector    0x08000000      0x298 build/startup_stm32h750xx.o
                0x08000000                g_pfnVectors
                0x08000298                . = ALIGN (0x4)

.text           0x08000298    0x13bf0
                0x08000298                . = ALIGN (0x4)
                0x08000298                _stext = .
 *(.text)
 .text          0x08000298       0x40 c:/program files/daisytoolchain/bin/../lib/gcc/arm-none-eabi/10.2.1/thumb/v7e-m+dp/hard/crtbegin.o
 .text          0x080002d8      0x378 c:/program files/daisytoolchain/bin/../lib/gcc/arm-none-eabi/10.2.1/thumb/v7e-m+dp/hard\libgcc.a(_arm_addsubdf3.o)
                0x080002d8                __aeabi_drsub
                0x080002e0                __aeabi_dsub
                0x080002e0                __subdf3
                0x080002e4                __aeabi_dadd
                0x080002e4                __adddf3
                0x0800055c                __floatunsidf
                0x0800055c                __aeabi_ui2d
                0x0800057c                __floatsidf
                0x0800057c                __aeabi_i2d
                0x080005a0                __aeabi_f2d
                0x080005a0                __extendsfdf2
                0x080005e4                __floatundidf
                0x080005e4                __aeabi_ul2d
                0x080005f4                __floatdidf
                0x080005f4                __aeabi_l2d
 .text          0x08000650       0x30 c:/program files/daisytoolchain/bin/../lib/gcc/arm-none-eabi/10.2.1/thumb/v7e-m+dp/hard\libgcc.a(_aeabi_uldivmod.o)
                0x08000650                __aeabi_uldivmod
 .text          0x08000680      0x2d0 c:/program files/daisytoolchain/bin/../lib/gcc/arm-none-eabi/10.2.1/thumb/v7e-m+dp/hard\libgcc.a(_udivmoddi4.o)
                0x08000680                __udivmoddi4
 .text          0x08000950        0x4 c:/program files/daisytoolchain/bin/../lib/gcc/arm-none-eabi/10.2.1/thumb/v7e-m+dp/hard\libgcc.a(_dvmd_tls.o)
                0x08000950                __aeabi_idiv0
                0x08000950                __aeabi_ldiv0
 *(.text*)
 .text.Default_Handler
                0x08000954        0x4 build/startup_stm32h750xx.o
                0x08000954                RTC_Alarm_IRQHandler
                0x08000954                HASH_RNG_IRQHandler
                0x08000954                EXTI2_IRQHandler
                0x08000954                TIM8_CC_IRQHandler
                0x08000954                HRTIM1_Master_IRQHandler
                0x08000954                DebugMon_Handler
                0x08000954                TIM1_CC_IRQHandler
                0x08000954                BDMA_Channel6_IRQHandler
                0x08000954                DMA2_Stream5_IRQHandler
                0x08000954                HRTIM1_FLT_IRQHandler
                0x08000954                JPEG_IRQHandler
                0x08000954                BDMA_Channel1_IRQHandler
                0x08000954                HRTIM1_TIMD_IRQHandler
                0x08000954                TAMP_STAMP_IRQHandler
                0x08000954                PendSV_Handler
                0x08000954                NMI_Handler
                0x08000954                EXTI3_IRQHandler
                0x08000954                LPTIM4_IRQHandler
                0x08000954                TIM8_TRG_COM_TIM14_IRQHandler
                0x08000954                LPTIM2_IRQHandler
                0x08000954                DFSDM1_FLT1_IRQHandler
                0x08000954                DMAMUX2_OVR_IRQHandler
                0x08000954                TIM8_UP_TIM13_IRQHandler
                0x08000954                I2C3_ER_IRQHandler
                0x08000954                DFSDM1_FLT2_IRQHandler
                0x08000954                MDMA_IRQHandler
                0x08000954                LPTIM3_IRQHandler
                0x08000954                HSEM1_IRQHandler
                0x08000954                EXTI0_IRQHandler
                0x08000954                FPU_IRQHandler
                0x08000954                OTG_HS_WKUP_IRQHandler
                0x08000954                FDCAN1_IT1_IRQHandler
                0x08000954                UsageFault_Handler
                0x08000954                LTDC_ER_IRQHandler
                0x08000954                HRTIM1_TIME_IRQHandler
                0x08000954                DCMI_IRQHandler
                0x08000954                HRTIM1_TIMC_IRQHandler
                0x08000954                SAI2_IRQHandler
                0x08000954                DFSDM1_FLT3_IRQHandler
                0x08000954                TIM17_IRQHandler
                0x08000954                CRYP_IRQHandler
                0x08000954                BDMA_Channel7_IRQHandler
                0x08000954                LPTIM5_IRQHandler
                0x08000954                ADC3_IRQHandler
                0x08000954                BDMA_Channel2_IRQHandler
                0x08000954                DMAMUX1_OVR_IRQHandler
                0x08000954                TIM16_IRQHandler
                0x08000954                BDMA_Channel5_IRQHandler
                0x08000954                RCC_IRQHandler
                0x08000954                TIM8_BRK_TIM12_IRQHandler
                0x08000954                TIM1_TRG_COM_IRQHandler
                0x08000954                Default_Handler
                0x08000954                ECC_IRQHandler
                0x08000954                CEC_IRQHandler
                0x08000954                EXTI15_10_IRQHandler
                0x08000954                BDMA_Channel0_IRQHandler
                0x08000954                ADC_IRQHandler
                0x08000954                DMA1_Stream7_IRQHandler
                0x08000954                HRTIM1_TIMA_IRQHandler
                0x08000954                TIM7_IRQHandler
                0x08000954                SDMMC1_IRQHandler
                0x08000954                DMA2_Stream7_IRQHandler
                0x08000954                TIM15_IRQHandler
                0x08000954                PVD_AVD_IRQHandler
                0x08000954                EXTI9_5_IRQHandler
                0x08000954                RTC_WKUP_IRQHandler
                0x08000954                LTDC_IRQHandler
                0x08000954                SAI3_IRQHandler
                0x08000954                ETH_WKUP_IRQHandler
                0x08000954                SPDIF_RX_IRQHandler
                0x08000954                MemManage_Handler
                0x08000954                SVC_Handler
                0x08000954                CRS_IRQHandler
                0x08000954                EXTI4_IRQHandler
                0x08000954                HRTIM1_TIMB_IRQHandler
                0x08000954                FDCAN2_IT1_IRQHandler
                0x08000954                ETH_IRQHandler
                0x08000954                TIM1_UP_IRQHandler
                0x08000954                BDMA_Channel4_IRQHandler
                0x08000954                WWDG_IRQHandler
                0x08000954                SPI6_IRQHandler
                0x08000954                I2C4_EV_IRQHandler
                0x08000954                MDIOS_IRQHandler
                0x08000954                FDCAN2_IT0_IRQHandler
                0x08000954                FDCAN1_IT0_IRQHandler
                0x08000954                OTG_FS_WKUP_IRQHandler
                0x08000954                DMA2D_IRQHandler
                0x08000954                TIM1_BRK_IRQHandler
                0x08000954                EXTI1_IRQHandler
                0x08000954                SDMMC2_IRQHandler
                0x08000954                OTG_FS_EP1_OUT_IRQHandler
                0x08000954                BDMA_Channel3_IRQHandler
                0x08000954                MDIOS_WKUP_IRQHandler
                0x08000954                DFSDM1_FLT0_IRQHandler
                0x08000954                SAI4_IRQHandler
                0x08000954                I2C2_ER_IRQHandler
                0x08000954                FLASH_IRQHandler
                0x08000954                BusFault_Handler
                0x08000954                OTG_FS_IRQHandler
                0x08000954                WAKEUP_PIN_IRQHandler
                0x08000954                OTG_FS_EP1_IN_IRQHandler
                0x08000954                I2C1_ER_IRQHandler
                0x08000954                FMC_IRQHandler
                0x08000954                FDCAN_CAL_IRQHandler
                0x08000954                SWPMI1_IRQHandler
                0x08000954                COMP1_IRQHandler
                0x08000954                LPTIM1_IRQHandler
                0x08000954                I2C4_ER_IRQHandler
                0x08000954                DMA2_Stream6_IRQHandler
                0x08000954                SAI1_IRQHandler
 .text.Reset_Handler
                0x08000958       0x44 build/startup_stm32h750xx.o
                0x08000958                Reset_Handler
 .text._ZN5daisy6SwitchD2Ev
                0x0800099c        0x4 build/AmpSim.o
                0x0800099c                daisy::Switch::~Switch()
                0x0800099c                daisy::Switch::~Switch()
 .text._ZN5daisy6GateInD2Ev
                0x080009a0        0x4 build/AmpSim.o
                0x080009a0                daisy::GateIn::~GateIn()
                0x080009a0                daisy::GateIn::~GateIn()
 .text._ZN5daisy3LedD2Ev
                0x080009a4        0x4 build/AmpSim.o
                0x080009a4                daisy::Led::~Led()
                0x080009a4                daisy::Led::~Led()
 .text._ZN5daisy8patch_sm12DaisyPatchSMD2Ev
                0x080009a8        0x4 build/AmpSim.o
                0x080009a8                daisy::patch_sm::DaisyPatchSM::~DaisyPatchSM()
                0x080009a8                daisy::patch_sm::DaisyPatchSM::~DaisyPatchSM()
 .text._ZN7daisysp10OscillatorD2Ev
                0x080009ac        0x4 build/AmpSim.o
                0x080009ac                daisysp::Oscillator::~Oscillator()
                0x080009ac                daisysp::Oscillator::~Oscillator()
 .text._ZN7daisysp3SvfD2Ev
                0x080009b0        0x4 build/AmpSim.o
                0x080009b0                daisysp::Svf::~Svf()
                0x080009b0                daisysp::Svf::~Svf()
 .text._ZN7daisysp9OverdriveD2Ev
                0x080009b4        0x4 build/AmpSim.o
                0x080009b4                daisysp::Overdrive::~Overdrive()
                0x080009b4                daisysp::Overdrive::~Overdrive()
 .text._ZN7daisysp7OnePoleD2Ev
                0x080009b8        0x4 build/AmpSim.o
                0x080009b8                daisysp::OnePole::~OnePole()
                0x080009b8                daisysp::OnePole::~OnePole()
 .text._ZN7daisysp9DelayLineIfLj120000EED2Ev
                0x080009bc        0x4 build/AmpSim.o
                0x080009bc                daisysp::DelayLine<float, 120000u>::~DelayLine()
                0x080009bc                daisysp::DelayLine<float, 120000u>::~DelayLine()
 .text._Z11readButtonsv
                0x080009c0      0x18c build/AmpSim.o
                0x080009c0                readButtons()
 *fill*         0x08000b4c        0x4 
 .text._Z9readKnobsv
                0x08000b50      0x190 build/AmpSim.o
                0x08000b50                readKnobs()
 .text._Z18setFilterConstantsf
                0x08000ce0      0x190 build/AmpSim.o
                0x08000ce0                setFilterConstants(float)
 .text.startup.main
                0x08000e70      0x248 build/AmpSim.o
                0x08000e70                main
 .text._Z14GetDelaySampleRfS_
                0x080010b8      0x15c build/AmpSim.o
                0x080010b8                GetDelaySample(float&, float&)
 .text._Z10process_fxRfS_
                0x08001214       0xe4 build/AmpSim.o
                0x08001214                process_fx(float&, float&)
 .text._Z13AudioCallbackPKPKfPPfj
                0x080012f8      0x420 build/AmpSim.o
                0x080012f8                AudioCallback(float const* const*, float**, unsigned int)
 .text.startup._GLOBAL__sub_I_hw
                0x08001718      0x1ac build/AmpSim.o
 .text._ZN5daisy8patch_sm12DaisyPatchSM4Impl19InternalDacCallbackEPPtj
                0x080018c4       0xa8 ../../libDaisy//build\libdaisy.a(daisy_patch_sm.o)
                0x080018c4                daisy::patch_sm::DaisyPatchSM::Impl::InternalDacCallback(unsigned short**, unsigned int)
 .text._ZN5daisy8patch_sm12DaisyPatchSM4InitEv
                0x0800196c      0x29c ../../libDaisy//build\libdaisy.a(daisy_patch_sm.o)
                0x0800196c                daisy::patch_sm::DaisyPatchSM::Init()
 .text._ZN5daisy8patch_sm12DaisyPatchSM10StartAudioEPFvPKPKfPPfjE
                0x08001c08        0x8 ../../libDaisy//build\libdaisy.a(daisy_patch_sm.o)
                0x08001c08                daisy::patch_sm::DaisyPatchSM::StartAudio(void (*)(float const* const*, float**, unsigned int))
 .text._ZN5daisy8patch_sm12DaisyPatchSM17SetAudioBlockSizeEj
                0x08001c10       0x54 ../../libDaisy//build\libdaisy.a(daisy_patch_sm.o)
                0x08001c10                daisy::patch_sm::DaisyPatchSM::SetAudioBlockSize(unsigned int)
 .text._ZN5daisy8patch_sm12DaisyPatchSM18SetAudioSampleRateENS_9SaiHandle6Config10SampleRateE
                0x08001c64       0x54 ../../libDaisy//build\libdaisy.a(daisy_patch_sm.o)
                0x08001c64                daisy::patch_sm::DaisyPatchSM::SetAudioSampleRate(daisy::SaiHandle::Config::SampleRate)
 .text._ZN5daisy8patch_sm12DaisyPatchSM15AudioSampleRateEv
                0x08001cb8        0x8 ../../libDaisy//build\libdaisy.a(daisy_patch_sm.o)
                0x08001cb8                daisy::patch_sm::DaisyPatchSM::AudioSampleRate()
 .text._ZN5daisy8patch_sm12DaisyPatchSM21ProcessAnalogControlsEv
                0x08001cc0       0x18 ../../libDaisy//build\libdaisy.a(daisy_patch_sm.o)
                0x08001cc0                daisy::patch_sm::DaisyPatchSM::ProcessAnalogControls()
 .text._ZN5daisy8patch_sm12DaisyPatchSM22ProcessDigitalControlsEv
                0x08001cd8        0x4 ../../libDaisy//build\libdaisy.a(daisy_patch_sm.o)
                0x08001cd8                daisy::patch_sm::DaisyPatchSM::ProcessDigitalControls()
 .text._ZN5daisy8patch_sm12DaisyPatchSM11GetAdcValueEi
                0x08001cdc        0xc ../../libDaisy//build\libdaisy.a(daisy_patch_sm.o)
                0x08001cdc                daisy::patch_sm::DaisyPatchSM::GetAdcValue(int)
 .text.startup._GLOBAL__sub_I__ZN5daisy8patch_sm12DaisyPatchSM2A1E
                0x08001ce8       0x28 ../../libDaisy//build\libdaisy.a(daisy_patch_sm.o)
 .text._ZN5daisy7Pcm30604InitENS_9I2CHandleE
                0x08001d10      0x16c ../../libDaisy//build\libdaisy.a(codec_pcm3060.o)
                0x08001d10                daisy::Pcm3060::Init(daisy::I2CHandle)
 .text._ZN11SdramHandle10DeviceInitEv
                0x08001e7c       0x98 ../../libDaisy//build\libdaisy.a(sdram.o)
                0x08001e7c                SdramHandle::DeviceInit()
 .text._ZN11SdramHandle4InitEv
                0x08001f14       0x7c ../../libDaisy//build\libdaisy.a(sdram.o)
                0x08001f14                SdramHandle::Init()
 .text.HAL_SDRAM_MspInit
                0x08001f90      0x1a8 ../../libDaisy//build\libdaisy.a(sdram.o)
                0x08001f90                HAL_SDRAM_MspInit
 .text._ZN5daisy11AudioHandle4Impl16InternalCallbackEPlS2_j
                0x08002138      0xbbc ../../libDaisy//build\libdaisy.a(audio.o)
                0x08002138                daisy::AudioHandle::Impl::InternalCallback(long*, long*, unsigned int)
 .text._ZN5daisy11AudioHandle4InitERKNS0_6ConfigENS_9SaiHandleE
                0x08002cf4       0x70 ../../libDaisy//build\libdaisy.a(audio.o)
                0x08002cf4                daisy::AudioHandle::Init(daisy::AudioHandle::Config const&, daisy::SaiHandle)
 .text._ZNK5daisy11AudioHandle9GetConfigEv
                0x08002d64        0x8 ../../libDaisy//build\libdaisy.a(audio.o)
                0x08002d64                daisy::AudioHandle::GetConfig() const
 .text._ZN5daisy11AudioHandle12SetBlockSizeEj
                0x08002d6c       0x1c ../../libDaisy//build\libdaisy.a(audio.o)
                0x08002d6c                daisy::AudioHandle::SetBlockSize(unsigned int)
 .text._ZN5daisy11AudioHandle13GetSampleRateEv
                0x08002d88        0x8 ../../libDaisy//build\libdaisy.a(audio.o)
                0x08002d88                daisy::AudioHandle::GetSampleRate()
 .text._ZN5daisy11AudioHandle13SetSampleRateENS_9SaiHandle6Config10SampleRateE
                0x08002d90       0x88 ../../libDaisy//build\libdaisy.a(audio.o)
                0x08002d90                daisy::AudioHandle::SetSampleRate(daisy::SaiHandle::Config::SampleRate)
 .text._ZN5daisy11AudioHandle5StartEPFvPKPKfPPfjE
                0x08002e18       0x44 ../../libDaisy//build\libdaisy.a(audio.o)
                0x08002e18                daisy::AudioHandle::Start(void (*)(float const* const*, float**, unsigned int))
 .text.startup._GLOBAL__sub_I__ZN5daisy11AudioHandle4Impl4InitENS0_6ConfigENS_9SaiHandleE
                0x08002e5c       0x24 ../../libDaisy//build\libdaisy.a(audio.o)
 .text._ZN5daisy13AnalogControl4InitEPtfbbf
                0x08002e80       0x64 ../../libDaisy//build\libdaisy.a(ctrl.o)
                0x08002e80                daisy::AnalogControl::Init(unsigned short*, float, bool, bool, float)
 .text._ZN5daisy13AnalogControl13InitBipolarCvEPtf
                0x08002ee4       0x6c ../../libDaisy//build\libdaisy.a(ctrl.o)
                0x08002ee4                daisy::AnalogControl::InitBipolarCv(unsigned short*, float)
 .text._ZN5daisy13AnalogControl7ProcessEv
                0x08002f50       0x48 ../../libDaisy//build\libdaisy.a(ctrl.o)
                0x08002f50                daisy::AnalogControl::Process()
 .text._ZN5daisy13AnalogControl13SetSampleRateEf
                0x08002f98       0x58 ../../libDaisy//build\libdaisy.a(ctrl.o)
                0x08002f98                daisy::AnalogControl::SetSampleRate(float)
 .text._ZN5daisy6GateIn4InitENS_3PinEb
                0x08002ff0       0x24 ../../libDaisy//build\libdaisy.a(gatein.o)
                0x08002ff0                daisy::GateIn::Init(daisy::Pin, bool)
 .text._ZN5daisy3Led4InitE12dsy_gpio_pinbf
                0x08003014       0x48 ../../libDaisy//build\libdaisy.a(led.o)
                0x08003014                daisy::Led::Init(dsy_gpio_pin, bool, float)
 .text._ZN5daisy3Led3SetEf
                0x0800305c       0x24 ../../libDaisy//build\libdaisy.a(led.o)
                0x0800305c                daisy::Led::Set(float)
 .text._ZN5daisy3Led6UpdateEv
                0x08003080       0x48 ../../libDaisy//build\libdaisy.a(led.o)
                0x08003080                daisy::Led::Update()
 .text._ZN5daisy6Switch4InitE12dsy_gpio_pinf
                0x080030c8       0x34 ../../libDaisy//build\libdaisy.a(switch.o)
                0x080030c8                daisy::Switch::Init(dsy_gpio_pin, float)
 .text._ZN5daisy6Switch8DebounceEv
                0x080030fc       0x5c ../../libDaisy//build\libdaisy.a(switch.o)
                0x080030fc                daisy::Switch::Debounce()
 .text._ZN5daisy16AdcChannelConfig10InitSingleE12dsy_gpio_pinNS0_15ConversionSpeedE
                0x08003158       0x28 ../../libDaisy//build\libdaisy.a(adc.o)
                0x08003158                daisy::AdcChannelConfig::InitSingle(dsy_gpio_pin, daisy::AdcChannelConfig::ConversionSpeed)
 .text._ZN5daisy9AdcHandle4InitEPNS_16AdcChannelConfigEjNS0_12OverSamplingE
                0x08003180      0x41c ../../libDaisy//build\libdaisy.a(adc.o)
                0x08003180                daisy::AdcHandle::Init(daisy::AdcChannelConfig*, unsigned int, daisy::AdcHandle::OverSampling)
 .text._ZN5daisy9AdcHandle5StartEv
                0x0800359c       0x2c ../../libDaisy//build\libdaisy.a(adc.o)
                0x0800359c                daisy::AdcHandle::Start()
 .text._ZNK5daisy9AdcHandle6GetPtrEh
                0x080035c8       0x14 ../../libDaisy//build\libdaisy.a(adc.o)
                0x080035c8                daisy::AdcHandle::GetPtr(unsigned char) const
 .text.HAL_ADC_MspInit
                0x080035dc       0x98 ../../libDaisy//build\libdaisy.a(adc.o)
                0x080035dc                HAL_ADC_MspInit
 .text.DMA1_Stream2_IRQHandler
                0x08003674        0xc ../../libDaisy//build\libdaisy.a(adc.o)
                0x08003674                DMA1_Stream2_IRQHandler
 .text.HAL_ADC_ConvCpltCallback
                0x08003680      0x148 ../../libDaisy//build\libdaisy.a(adc.o)
                0x08003680                HAL_ADC_ConvCpltCallback
 .text.HAL_ADC_ErrorCallback
                0x080037c8        0x4 ../../libDaisy//build\libdaisy.a(adc.o)
                0x080037c8                HAL_ADC_ErrorCallback
 .text.HAL_DAC_MspInit
                0x080037cc      0x15c ../../libDaisy//build\libdaisy.a(dac.o)
                0x080037cc                HAL_DAC_MspInit
 .text.DMA2_Stream0_IRQHandler
                0x08003928        0xc ../../libDaisy//build\libdaisy.a(dac.o)
                0x08003928                DMA2_Stream0_IRQHandler
 .text.DMA2_Stream1_IRQHandler
                0x08003934        0xc ../../libDaisy//build\libdaisy.a(dac.o)
                0x08003934                DMA2_Stream1_IRQHandler
 .text.TIM6_DAC_IRQHandler
                0x08003940       0x1c ../../libDaisy//build\libdaisy.a(dac.o)
                0x08003940                TIM6_DAC_IRQHandler
 .text.HAL_DAC_ConvCpltCallbackCh1
                0x0800395c       0x60 ../../libDaisy//build\libdaisy.a(dac.o)
                0x0800395c                HAL_DAC_ConvCpltCallbackCh1
 .text.HAL_DAC_ConvHalfCpltCallbackCh1
                0x080039bc       0x54 ../../libDaisy//build\libdaisy.a(dac.o)
                0x080039bc                HAL_DAC_ConvHalfCpltCallbackCh1
 .text.HAL_DACEx_ConvHalfCpltCallbackCh2
                0x08003a10       0x2c ../../libDaisy//build\libdaisy.a(dac.o)
                0x08003a10                HAL_DACEx_ConvHalfCpltCallbackCh2
 .text.HAL_DACEx_ConvCpltCallbackCh2
                0x08003a3c       0x34 ../../libDaisy//build\libdaisy.a(dac.o)
                0x08003a3c                HAL_DACEx_ConvCpltCallbackCh2
 .text._ZN5daisy9DacHandle4InitERKNS0_6ConfigE
                0x08003a70       0xfc ../../libDaisy//build\libdaisy.a(dac.o)
                0x08003a70                daisy::DacHandle::Init(daisy::DacHandle::Config const&)
 .text._ZN5daisy9DacHandle5StartEPtS1_jPFvPS1_jE
                0x08003b6c       0x6c ../../libDaisy//build\libdaisy.a(dac.o)
                0x08003b6c                daisy::DacHandle::Start(unsigned short*, unsigned short*, unsigned int, void (*)(unsigned short**, unsigned int))
 .text._ZN5daisy9DacHandle4StopEv
                0x08003bd8       0x40 ../../libDaisy//build\libdaisy.a(dac.o)
                0x08003bd8                daisy::DacHandle::Stop()
 .text._ZN5daisy4GPIO4InitENS_3PinENS0_4ModeENS0_4PullENS0_5SpeedE
                0x08003c18      0x1cc ../../libDaisy//build\libdaisy.a(gpio.o)
                0x08003c18                daisy::GPIO::Init(daisy::Pin, daisy::GPIO::Mode, daisy::GPIO::Pull, daisy::GPIO::Speed)
 .text._ZN5daisy4GPIO4ReadEv
                0x08003de4       0x18 ../../libDaisy//build\libdaisy.a(gpio.o)
                0x08003de4                daisy::GPIO::Read()
 .text._ZN5daisy4GPIO5WriteEb
                0x08003dfc       0x14 ../../libDaisy//build\libdaisy.a(gpio.o)
                0x08003dfc                daisy::GPIO::Write(bool)
 .text.dsy_gpio_init
                0x08003e10      0x1b8 ../../libDaisy//build\libdaisy.a(gpio.o)
                0x08003e10                dsy_gpio_init
 .text.dsy_gpio_read
                0x08003fc8       0x1c ../../libDaisy//build\libdaisy.a(gpio.o)
                0x08003fc8                dsy_gpio_read
 .text.dsy_gpio_write
                0x08003fe4       0x24 ../../libDaisy//build\libdaisy.a(gpio.o)
                0x08003fe4                dsy_gpio_write
 .text._ZN5daisy9I2CHandle4Impl8InitPinsEv
                0x08004008       0x58 ../../libDaisy//build\libdaisy.a(i2c.o)
                0x08004008                daisy::I2CHandle::Impl::InitPins()
 .text.HAL_I2C_MspInit
                0x08004060      0x1b4 ../../libDaisy//build\libdaisy.a(i2c.o)
                0x08004060                HAL_I2C_MspInit
 .text.dsy_i2c_global_init
                0x08004214       0x78 ../../libDaisy//build\libdaisy.a(i2c.o)
                0x08004214                dsy_i2c_global_init
 .text.DMA1_Stream6_IRQHandler
                0x0800428c       0x34 ../../libDaisy//build\libdaisy.a(i2c.o)
                0x0800428c                DMA1_Stream6_IRQHandler
 .text.I2C1_EV_IRQHandler
                0x080042c0        0xc ../../libDaisy//build\libdaisy.a(i2c.o)
                0x080042c0                I2C1_EV_IRQHandler
 .text.I2C2_EV_IRQHandler
                0x080042cc        0xc ../../libDaisy//build\libdaisy.a(i2c.o)
                0x080042cc                I2C2_EV_IRQHandler
 .text.I2C3_EV_IRQHandler
                0x080042d8        0xc ../../libDaisy//build\libdaisy.a(i2c.o)
                0x080042d8                I2C3_EV_IRQHandler
 .text._ZN5daisy9I2CHandle4InitERKNS0_6ConfigE
                0x080042e4      0x12c ../../libDaisy//build\libdaisy.a(i2c.o)
                0x080042e4                daisy::I2CHandle::Init(daisy::I2CHandle::Config const&)
 .text._ZN5daisy9I2CHandle17ReadDataAtAddressEtttPhtm
                0x08004410       0x4c ../../libDaisy//build\libdaisy.a(i2c.o)
                0x08004410                daisy::I2CHandle::ReadDataAtAddress(unsigned short, unsigned short, unsigned short, unsigned char*, unsigned short, unsigned long)
 .text._ZN5daisy9I2CHandle18WriteDataAtAddressEtttPhtm
                0x0800445c       0x4c ../../libDaisy//build\libdaisy.a(i2c.o)
                0x0800445c                daisy::I2CHandle::WriteDataAtAddress(unsigned short, unsigned short, unsigned short, unsigned char*, unsigned short, unsigned long)
 .text.startup._GLOBAL__sub_I__ZN5daisy9I2CHandle4Impl10GlobalInitEv
                0x080044a8       0x18 ../../libDaisy//build\libdaisy.a(i2c.o)
 .text._ZN5daisy10QSPIHandle4Impl11WriteEnableEv
                0x080044c0       0x8c ../../libDaisy//build\libdaisy.a(qspi.o)
                0x080044c0                daisy::QSPIHandle::Impl::WriteEnable()
 *fill*         0x0800454c        0x4 
 .text._ZN5daisy10QSPIHandle4Impl17DummyCyclesConfigENS0_6Config6DeviceE
                0x08004550      0x118 ../../libDaisy//build\libdaisy.a(qspi.o)
                0x08004550                daisy::QSPIHandle::Impl::DummyCyclesConfig(daisy::QSPIHandle::Config::Device)
 .text._ZN5daisy10QSPIHandle4Impl10QuadEnableEv
                0x08004668      0x158 ../../libDaisy//build\libdaisy.a(qspi.o)
                0x08004668                daisy::QSPIHandle::Impl::QuadEnable()
 .text._ZN5daisy10QSPIHandle4InitERKNS0_6ConfigE
                0x080047c0      0x198 ../../libDaisy//build\libdaisy.a(qspi.o)
                0x080047c0                daisy::QSPIHandle::Init(daisy::QSPIHandle::Config const&)
 .text.HAL_QSPI_MspInit
                0x08004958      0x11c ../../libDaisy//build\libdaisy.a(qspi.o)
                0x08004958                HAL_QSPI_MspInit
 .text.HAL_QSPI_MspDeInit
                0x08004a74       0x54 ../../libDaisy//build\libdaisy.a(qspi.o)
                0x08004a74                HAL_QSPI_MspDeInit
 .text.QUADSPI_IRQHandler
                0x08004ac8        0xc ../../libDaisy//build\libdaisy.a(qspi.o)
                0x08004ac8                QUADSPI_IRQHandler
 .text.startup._GLOBAL__sub_I__ZN5daisy10QSPIHandle4Impl4InitERKNS0_6ConfigE
                0x08004ad4       0x28 ../../libDaisy//build\libdaisy.a(qspi.o)
 .text._ZN5daisy9SaiHandle4Impl7InitDmaENS1_15PeripheralBlockE
                0x08004afc       0xa0 ../../libDaisy//build\libdaisy.a(sai.o)
                0x08004afc                daisy::SaiHandle::Impl::InitDma(daisy::SaiHandle::Impl::PeripheralBlock)
 .text._ZN5daisy9SaiHandle4Impl8InitPinsEv
                0x08004b9c       0xa8 ../../libDaisy//build\libdaisy.a(sai.o)
                0x08004b9c                daisy::SaiHandle::Impl::InitPins()
 .text.HAL_SAI_MspInit
                0x08004c44      0x164 ../../libDaisy//build\libdaisy.a(sai.o)
                0x08004c44                HAL_SAI_MspInit
 .text.DMA1_Stream0_IRQHandler
                0x08004da8        0xc ../../libDaisy//build\libdaisy.a(sai.o)
                0x08004da8                DMA1_Stream0_IRQHandler
 .text.DMA1_Stream1_IRQHandler
                0x08004db4        0xc ../../libDaisy//build\libdaisy.a(sai.o)
                0x08004db4                DMA1_Stream1_IRQHandler
 .text.DMA1_Stream3_IRQHandler
                0x08004dc0        0xc ../../libDaisy//build\libdaisy.a(sai.o)
                0x08004dc0                DMA1_Stream3_IRQHandler
 .text.DMA1_Stream4_IRQHandler
                0x08004dcc        0xc ../../libDaisy//build\libdaisy.a(sai.o)
                0x08004dcc                DMA1_Stream4_IRQHandler
 .text.HAL_SAI_RxHalfCpltCallback
                0x08004dd8       0x78 ../../libDaisy//build\libdaisy.a(sai.o)
                0x08004dd8                HAL_SAI_RxHalfCpltCallback
 .text.HAL_SAI_RxCpltCallback
                0x08004e50       0x70 ../../libDaisy//build\libdaisy.a(sai.o)
                0x08004e50                HAL_SAI_RxCpltCallback
 .text._ZN5daisy9SaiHandle4InitERKNS0_6ConfigE
                0x08004ec0      0x1f0 ../../libDaisy//build\libdaisy.a(sai.o)
                0x08004ec0                daisy::SaiHandle::Init(daisy::SaiHandle::Config const&)
 .text._ZNK5daisy9SaiHandle9GetConfigEv
                0x080050b0        0x4 ../../libDaisy//build\libdaisy.a(sai.o)
                0x080050b0                daisy::SaiHandle::GetConfig() const
 .text._ZN5daisy9SaiHandle8StartDmaEPlS1_jPFvS1_S1_jE
                0x080050b4       0xbc ../../libDaisy//build\libdaisy.a(sai.o)
                0x080050b4                daisy::SaiHandle::StartDma(long*, long*, unsigned int, void (*)(long*, long*, unsigned int))
 .text._ZN5daisy9SaiHandle13GetSampleRateEv
                0x08005170       0x24 ../../libDaisy//build\libdaisy.a(sai.o)
                0x08005170                daisy::SaiHandle::GetSampleRate()
 .text._ZNK5daisy9SaiHandle9GetOffsetEv
                0x08005194        0x8 ../../libDaisy//build\libdaisy.a(sai.o)
                0x08005194                daisy::SaiHandle::GetOffset() const
 .text._ZN5daisy11TimerHandleD2Ev
                0x0800519c        0x4 ../../libDaisy//build\libdaisy.a(system.o)
                0x0800519c                daisy::TimerHandle::~TimerHandle()
                0x0800519c                daisy::TimerHandle::~TimerHandle()
 .text.SysTick_Handler
                0x080051a0       0x10 ../../libDaisy//build\libdaisy.a(system.o)
                0x080051a0                SysTick_Handler
 .text.OTG_HS_EP1_OUT_IRQHandler
                0x080051b0       0x24 ../../libDaisy//build\libdaisy.a(system.o)
                0x080051b0                OTG_HS_EP1_OUT_IRQHandler
 .text.OTG_HS_EP1_IN_IRQHandler
                0x080051d4       0x24 ../../libDaisy//build\libdaisy.a(system.o)
                0x080051d4                OTG_HS_EP1_IN_IRQHandler
 .text.OTG_HS_IRQHandler
                0x080051f8       0x24 ../../libDaisy//build\libdaisy.a(system.o)
                0x080051f8                OTG_HS_IRQHandler
 .text.HardFault_Handler
                0x0800521c       0xe0 ../../libDaisy//build\libdaisy.a(system.o)
                0x0800521c                HardFault_Handler
 .text._ZN5daisy6System6GetNowEv
                0x080052fc        0x4 ../../libDaisy//build\libdaisy.a(system.o)
                0x080052fc                daisy::System::GetNow()
 .text._ZN5daisy6System5DelayEm
                0x08005300        0x4 ../../libDaisy//build\libdaisy.a(system.o)
                0x08005300                daisy::System::Delay(unsigned long)
 .text._ZN5daisy6System20GetBootloaderVersionEv
                0x08005304       0x34 ../../libDaisy//build\libdaisy.a(system.o)
                0x08005304                daisy::System::GetBootloaderVersion()
 .text._ZN5daisy6System15ConfigureClocksEv
                0x08005338      0x194 ../../libDaisy//build\libdaisy.a(system.o)
                0x08005338                daisy::System::ConfigureClocks()
 .text._ZN5daisy6System12ConfigureMpuEv
                0x080054cc       0x7c ../../libDaisy//build\libdaisy.a(system.o)
                0x080054cc                daisy::System::ConfigureMpu()
 .text._ZN5daisy6System4InitERKNS0_6ConfigE
                0x08005548       0xec ../../libDaisy//build\libdaisy.a(system.o)
                0x08005548                daisy::System::Init(daisy::System::Config const&)
 .text._ZN5daisy6System12GetPClk1FreqEv
                0x08005634        0x4 ../../libDaisy//build\libdaisy.a(system.o)
                0x08005634                daisy::System::GetPClk1Freq()
 .text._ZN5daisy6System12GetPClk2FreqEv
                0x08005638        0x4 ../../libDaisy//build\libdaisy.a(system.o)
                0x08005638                daisy::System::GetPClk2Freq()
 .text._ZN5daisy6System22GetProgramMemoryRegionEv
                0x0800563c       0x78 ../../libDaisy//build\libdaisy.a(system.o)
                0x0800563c                daisy::System::GetProgramMemoryRegion()
 .text.startup._GLOBAL__sub_I__ZN5daisy9boot_infoE
                0x080056b4       0x1c ../../libDaisy//build\libdaisy.a(system.o)
 .text.SystemInit
                0x080056d0       0x9c ../../libDaisy//build\libdaisy.a(system_stm32h7xx.o)
                0x080056d0                SystemInit
 .text.HAL_PCD_SetupStageCallback
                0x0800576c        0xc ../../libDaisy//build\libdaisy.a(usbd_conf.o)
                0x0800576c                HAL_PCD_SetupStageCallback
 .text.HAL_PCD_DataOutStageCallback
                0x08005778       0x14 ../../libDaisy//build\libdaisy.a(usbd_conf.o)
                0x08005778                HAL_PCD_DataOutStageCallback
 .text.HAL_PCD_DataInStageCallback
                0x0800578c       0x14 ../../libDaisy//build\libdaisy.a(usbd_conf.o)
                0x0800578c                HAL_PCD_DataInStageCallback
 .text.HAL_PCD_SOFCallback
                0x080057a0        0x8 ../../libDaisy//build\libdaisy.a(usbd_conf.o)
                0x080057a0                HAL_PCD_SOFCallback
 .text.HAL_PCD_ResetCallback
                0x080057a8       0x24 ../../libDaisy//build\libdaisy.a(usbd_conf.o)
                0x080057a8                HAL_PCD_ResetCallback
 .text.HAL_PCD_SuspendCallback
                0x080057cc       0x30 ../../libDaisy//build\libdaisy.a(usbd_conf.o)
                0x080057cc                HAL_PCD_SuspendCallback
 .text.HAL_PCD_ResumeCallback
                0x080057fc        0x8 ../../libDaisy//build\libdaisy.a(usbd_conf.o)
                0x080057fc                HAL_PCD_ResumeCallback
 .text.HAL_PCD_ISOOUTIncompleteCallback
                0x08005804        0x8 ../../libDaisy//build\libdaisy.a(usbd_conf.o)
                0x08005804                HAL_PCD_ISOOUTIncompleteCallback
 .text.HAL_PCD_ISOINIncompleteCallback
                0x0800580c        0x8 ../../libDaisy//build\libdaisy.a(usbd_conf.o)
                0x0800580c                HAL_PCD_ISOINIncompleteCallback
 .text.HAL_PCD_ConnectCallback
                0x08005814        0x8 ../../libDaisy//build\libdaisy.a(usbd_conf.o)
                0x08005814                HAL_PCD_ConnectCallback
 .text.HAL_PCD_DisconnectCallback
                0x0800581c        0x8 ../../libDaisy//build\libdaisy.a(usbd_conf.o)
                0x0800581c                HAL_PCD_DisconnectCallback
 .text.USBD_LL_OpenEP
                0x08005824       0x24 ../../libDaisy//build\libdaisy.a(usbd_conf.o)
                0x08005824                USBD_LL_OpenEP
 .text.USBD_LL_StallEP
                0x08005848       0x1c ../../libDaisy//build\libdaisy.a(usbd_conf.o)
                0x08005848                USBD_LL_StallEP
 .text.USBD_LL_ClearStallEP
                0x08005864       0x1c ../../libDaisy//build\libdaisy.a(usbd_conf.o)
                0x08005864                USBD_LL_ClearStallEP
 .text.USBD_LL_IsStallEP
                0x08005880       0x28 ../../libDaisy//build\libdaisy.a(usbd_conf.o)
                0x08005880                USBD_LL_IsStallEP
 .text.USBD_LL_SetUSBAddress
                0x080058a8       0x1c ../../libDaisy//build\libdaisy.a(usbd_conf.o)
                0x080058a8                USBD_LL_SetUSBAddress
 .text.USBD_LL_Transmit
                0x080058c4       0x1c ../../libDaisy//build\libdaisy.a(usbd_conf.o)
                0x080058c4                USBD_LL_Transmit
 .text.USBD_LL_PrepareReceive
                0x080058e0       0x1c ../../libDaisy//build\libdaisy.a(usbd_conf.o)
                0x080058e0                USBD_LL_PrepareReceive
 .text.HAL_HCD_SOF_Callback
                0x080058fc        0x8 ../../libDaisy//build\libdaisy.a(usbh_conf.o)
                0x080058fc                HAL_HCD_SOF_Callback
 .text.HAL_HCD_Connect_Callback
                0x08005904        0x8 ../../libDaisy//build\libdaisy.a(usbh_conf.o)
                0x08005904                HAL_HCD_Connect_Callback
 .text.HAL_HCD_Disconnect_Callback
                0x0800590c        0x8 ../../libDaisy//build\libdaisy.a(usbh_conf.o)
                0x0800590c                HAL_HCD_Disconnect_Callback
 .text.HAL_HCD_HC_NotifyURBChange_Callback
                0x08005914        0x4 ../../libDaisy//build\libdaisy.a(usbh_conf.o)
                0x08005914                HAL_HCD_HC_NotifyURBChange_Callback
 .text.HAL_HCD_PortEnabled_Callback
                0x08005918        0x8 ../../libDaisy//build\libdaisy.a(usbh_conf.o)
                0x08005918                HAL_HCD_PortEnabled_Callback
 .text.HAL_HCD_PortDisabled_Callback
                0x08005920        0x8 ../../libDaisy//build\libdaisy.a(usbh_conf.o)
                0x08005920                HAL_HCD_PortDisabled_Callback
 .text.USBH_LL_Stop
                0x08005928       0x1c ../../libDaisy//build\libdaisy.a(usbh_conf.o)
                0x08005928                USBH_LL_Stop
 .text.dsy_hal_map_get_port
                0x08005944       0x10 ../../libDaisy//build\libdaisy.a(hal_map.o)
                0x08005944                dsy_hal_map_get_port
 .text.dsy_hal_map_get_pin
                0x08005954       0x10 ../../libDaisy//build\libdaisy.a(hal_map.o)
                0x08005954                dsy_hal_map_get_pin
 .text.dsy_hal_map_gpio_clk_enable
                0x08005964      0x150 ../../libDaisy//build\libdaisy.a(hal_map.o)
                0x08005964                dsy_hal_map_gpio_clk_enable
 .text.HAL_MspInit
                0x08005ab4        0x4 ../../libDaisy//build\libdaisy.a(stm32h7xx_hal.o)
                0x08005ab4                HAL_MspInit
 .text.HAL_InitTick
                0x08005ab8       0x4c ../../libDaisy//build\libdaisy.a(stm32h7xx_hal.o)
                0x08005ab8                HAL_InitTick
 .text.HAL_Init
                0x08005b04       0x60 ../../libDaisy//build\libdaisy.a(stm32h7xx_hal.o)
                0x08005b04                HAL_Init
 .text.HAL_IncTick
                0x08005b64       0x18 ../../libDaisy//build\libdaisy.a(stm32h7xx_hal.o)
                0x08005b64                HAL_IncTick
 .text.HAL_GetTick
                0x08005b7c        0xc ../../libDaisy//build\libdaisy.a(stm32h7xx_hal.o)
                0x08005b7c                HAL_GetTick
 .text.HAL_Delay
                0x08005b88       0x24 ../../libDaisy//build\libdaisy.a(stm32h7xx_hal.o)
                0x08005b88                HAL_Delay
 .text.HAL_GetREVID
                0x08005bac        0xc ../../libDaisy//build\libdaisy.a(stm32h7xx_hal.o)
                0x08005bac                HAL_GetREVID
 .text.HAL_ADC_ConvHalfCpltCallback
                0x08005bb8        0x4 ../../libDaisy//build\libdaisy.a(stm32h7xx_hal_adc.o)
                0x08005bb8                HAL_ADC_ConvHalfCpltCallback
 .text.ADC_DMAHalfConvCplt
                0x08005bbc        0xc ../../libDaisy//build\libdaisy.a(stm32h7xx_hal_adc.o)
                0x08005bbc                ADC_DMAHalfConvCplt
 .text.ADC_DMAConvCplt
                0x08005bc8       0x6c ../../libDaisy//build\libdaisy.a(stm32h7xx_hal_adc.o)
                0x08005bc8                ADC_DMAConvCplt
 .text.ADC_DMAError
                0x08005c34       0x1c ../../libDaisy//build\libdaisy.a(stm32h7xx_hal_adc.o)
                0x08005c34                ADC_DMAError
 .text.HAL_ADC_ConfigChannel
                0x08005c50      0x3fc ../../libDaisy//build\libdaisy.a(stm32h7xx_hal_adc.o)
                0x08005c50                HAL_ADC_ConfigChannel
 .text.ADC_Enable
                0x0800604c       0xac ../../libDaisy//build\libdaisy.a(stm32h7xx_hal_adc.o)
                0x0800604c                ADC_Enable
 .text.HAL_ADC_Start_DMA
                0x080060f8      0x114 ../../libDaisy//build\libdaisy.a(stm32h7xx_hal_adc.o)
                0x080060f8                HAL_ADC_Start_DMA
 .text.ADC_Disable
                0x0800620c       0x68 ../../libDaisy//build\libdaisy.a(stm32h7xx_hal_adc.o)
                0x0800620c                ADC_Disable
 .text.ADC_ConfigureBoostMode
                0x08006274      0x184 ../../libDaisy//build\libdaisy.a(stm32h7xx_hal_adc.o)
                0x08006274                ADC_ConfigureBoostMode
 .text.HAL_ADC_Init
                0x080063f8      0x218 ../../libDaisy//build\libdaisy.a(stm32h7xx_hal_adc.o)
                0x080063f8                HAL_ADC_Init
 .text.HAL_ADCEx_Calibration_Start
                0x08006610       0xa4 ../../libDaisy//build\libdaisy.a(stm32h7xx_hal_adc_ex.o)
                0x08006610                HAL_ADCEx_Calibration_Start
 .text.HAL_ADCEx_MultiModeConfigChannel
                0x080066b4       0xc4 ../../libDaisy//build\libdaisy.a(stm32h7xx_hal_adc_ex.o)
                0x080066b4                HAL_ADCEx_MultiModeConfigChannel
 .text.HAL_NVIC_SetPriorityGrouping
                0x08006778       0x24 ../../libDaisy//build\libdaisy.a(stm32h7xx_hal_cortex.o)
                0x08006778                HAL_NVIC_SetPriorityGrouping
 .text.HAL_NVIC_SetPriority
                0x0800679c       0x7c ../../libDaisy//build\libdaisy.a(stm32h7xx_hal_cortex.o)
                0x0800679c                HAL_NVIC_SetPriority
 .text.HAL_NVIC_EnableIRQ
                0x08006818       0x1c ../../libDaisy//build\libdaisy.a(stm32h7xx_hal_cortex.o)
                0x08006818                HAL_NVIC_EnableIRQ
 .text.HAL_NVIC_DisableIRQ
                0x08006834       0x28 ../../libDaisy//build\libdaisy.a(stm32h7xx_hal_cortex.o)
                0x08006834                HAL_NVIC_DisableIRQ
 .text.HAL_SYSTICK_Config
                0x0800685c       0x2c ../../libDaisy//build\libdaisy.a(stm32h7xx_hal_cortex.o)
                0x0800685c                HAL_SYSTICK_Config
 .text.HAL_MPU_Disable
                0x08006888       0x1c ../../libDaisy//build\libdaisy.a(stm32h7xx_hal_cortex.o)
                0x08006888                HAL_MPU_Disable
 .text.HAL_MPU_Enable
                0x080068a4       0x20 ../../libDaisy//build\libdaisy.a(stm32h7xx_hal_cortex.o)
                0x080068a4                HAL_MPU_Enable
 .text.HAL_MPU_ConfigRegion
                0x080068c4       0x64 ../../libDaisy//build\libdaisy.a(stm32h7xx_hal_cortex.o)
                0x080068c4                HAL_MPU_ConfigRegion
 .text.HAL_SYSTICK_Callback
                0x08006928        0x4 ../../libDaisy//build\libdaisy.a(stm32h7xx_hal_cortex.o)
                0x08006928                HAL_SYSTICK_Callback
 .text.HAL_SYSTICK_IRQHandler
                0x0800692c        0x8 ../../libDaisy//build\libdaisy.a(stm32h7xx_hal_cortex.o)
                0x0800692c                HAL_SYSTICK_IRQHandler
 .text.HAL_DAC_Init
                0x08006934       0x2c ../../libDaisy//build\libdaisy.a(stm32h7xx_hal_dac.o)
                0x08006934                HAL_DAC_Init
 .text.HAL_DAC_Start_DMA
                0x08006960      0x118 ../../libDaisy//build\libdaisy.a(stm32h7xx_hal_dac.o)
                0x08006960                HAL_DAC_Start_DMA
 .text.HAL_DAC_Stop_DMA
                0x08006a78       0x5c ../../libDaisy//build\libdaisy.a(stm32h7xx_hal_dac.o)
                0x08006a78                HAL_DAC_Stop_DMA
 .text.DAC_DMAConvCpltCh1
                0x08006ad4       0x10 ../../libDaisy//build\libdaisy.a(stm32h7xx_hal_dac.o)
 .text.DAC_DMAHalfConvCpltCh1
                0x08006ae4        0xc ../../libDaisy//build\libdaisy.a(stm32h7xx_hal_dac.o)
 .text.HAL_DAC_ErrorCallbackCh1
                0x08006af0        0x4 ../../libDaisy//build\libdaisy.a(stm32h7xx_hal_dac.o)
                0x08006af0                HAL_DAC_ErrorCallbackCh1
 .text.DAC_DMAErrorCh1
                0x08006af4       0x18 ../../libDaisy//build\libdaisy.a(stm32h7xx_hal_dac.o)
 .text.HAL_DAC_DMAUnderrunCallbackCh1
                0x08006b0c        0x4 ../../libDaisy//build\libdaisy.a(stm32h7xx_hal_dac.o)
                0x08006b0c                HAL_DAC_DMAUnderrunCallbackCh1
 .text.HAL_DAC_IRQHandler
                0x08006b10       0x68 ../../libDaisy//build\libdaisy.a(stm32h7xx_hal_dac.o)
                0x08006b10                HAL_DAC_IRQHandler
 .text.HAL_DAC_ConfigChannel
                0x08006b78      0x130 ../../libDaisy//build\libdaisy.a(stm32h7xx_hal_dac.o)
                0x08006b78                HAL_DAC_ConfigChannel
 .text.HAL_DACEx_ErrorCallbackCh2
                0x08006ca8        0x4 ../../libDaisy//build\libdaisy.a(stm32h7xx_hal_dac_ex.o)
                0x08006ca8                HAL_DACEx_ErrorCallbackCh2
 .text.HAL_DACEx_DMAUnderrunCallbackCh2
                0x08006cac        0x4 ../../libDaisy//build\libdaisy.a(stm32h7xx_hal_dac_ex.o)
                0x08006cac                HAL_DACEx_DMAUnderrunCallbackCh2
 .text.DAC_DMAConvCpltCh2
                0x08006cb0       0x10 ../../libDaisy//build\libdaisy.a(stm32h7xx_hal_dac_ex.o)
                0x08006cb0                DAC_DMAConvCpltCh2
 .text.DAC_DMAHalfConvCpltCh2
                0x08006cc0        0xc ../../libDaisy//build\libdaisy.a(stm32h7xx_hal_dac_ex.o)
                0x08006cc0                DAC_DMAHalfConvCpltCh2
 .text.DAC_DMAErrorCh2
                0x08006ccc       0x18 ../../libDaisy//build\libdaisy.a(stm32h7xx_hal_dac_ex.o)
                0x08006ccc                DAC_DMAErrorCh2
 .text.DMA_CalcBaseAndBitshift
                0x08006ce4       0xf4 ../../libDaisy//build\libdaisy.a(stm32h7xx_hal_dma.o)
 .text.DMA_CalcDMAMUXChannelBaseAndMask
                0x08006dd8       0xd8 ../../libDaisy//build\libdaisy.a(stm32h7xx_hal_dma.o)
 .text.HAL_DMA_Init
                0x08006eb0      0x37c ../../libDaisy//build\libdaisy.a(stm32h7xx_hal_dma.o)
                0x08006eb0                HAL_DMA_Init
 .text.HAL_DMA_Start_IT
                0x0800722c      0x240 ../../libDaisy//build\libdaisy.a(stm32h7xx_hal_dma.o)
                0x0800722c                HAL_DMA_Start_IT
 .text.HAL_DMA_Abort
                0x0800746c      0x21c ../../libDaisy//build\libdaisy.a(stm32h7xx_hal_dma.o)
                0x0800746c                HAL_DMA_Abort
 .text.HAL_DMA_Abort_IT
                0x08007688      0x134 ../../libDaisy//build\libdaisy.a(stm32h7xx_hal_dma.o)
                0x08007688                HAL_DMA_Abort_IT
 .text.HAL_DMA_IRQHandler
                0x080077bc      0x6a0 ../../libDaisy//build\libdaisy.a(stm32h7xx_hal_dma.o)
                0x080077bc                HAL_DMA_IRQHandler
 .text.HAL_DMA_GetError
                0x08007e5c        0x4 ../../libDaisy//build\libdaisy.a(stm32h7xx_hal_dma.o)
                0x08007e5c                HAL_DMA_GetError
 .text.HAL_GPIO_Init
                0x08007e60      0x280 ../../libDaisy//build\libdaisy.a(stm32h7xx_hal_gpio.o)
                0x08007e60                HAL_GPIO_Init
 .text.HAL_GPIO_DeInit
                0x080080e0      0x190 ../../libDaisy//build\libdaisy.a(stm32h7xx_hal_gpio.o)
                0x080080e0                HAL_GPIO_DeInit
 .text.HAL_GPIO_ReadPin
                0x08008270        0xc ../../libDaisy//build\libdaisy.a(stm32h7xx_hal_gpio.o)
                0x08008270                HAL_GPIO_ReadPin
 .text.HAL_GPIO_WritePin
                0x0800827c        0x8 ../../libDaisy//build\libdaisy.a(stm32h7xx_hal_gpio.o)
                0x0800827c                HAL_GPIO_WritePin
 .text.HAL_HCD_IRQHandler
                0x08008284      0x780 ../../libDaisy//build\libdaisy.a(stm32h7xx_hal_hcd.o)
                0x08008284                HAL_HCD_IRQHandler
 .text.HAL_HCD_Stop
                0x08008a04       0x28 ../../libDaisy//build\libdaisy.a(stm32h7xx_hal_hcd.o)
                0x08008a04                HAL_HCD_Stop
 .text.I2C_WaitOnTXISFlagUntilTimeout
                0x08008a2c       0xb8 ../../libDaisy//build\libdaisy.a(stm32h7xx_hal_i2c.o)
 .text.I2C_WaitOnSTOPFlagUntilTimeout
                0x08008ae4       0xac ../../libDaisy//build\libdaisy.a(stm32h7xx_hal_i2c.o)
 .text.HAL_I2C_Init
                0x08008b90       0xac ../../libDaisy//build\libdaisy.a(stm32h7xx_hal_i2c.o)
                0x08008b90                HAL_I2C_Init
 .text.HAL_I2C_Mem_Write
                0x08008c3c      0x254 ../../libDaisy//build\libdaisy.a(stm32h7xx_hal_i2c.o)
                0x08008c3c                HAL_I2C_Mem_Write
 .text.HAL_I2C_Mem_Read
                0x08008e90      0x29c ../../libDaisy//build\libdaisy.a(stm32h7xx_hal_i2c.o)
                0x08008e90                HAL_I2C_Mem_Read
 .text.HAL_I2C_EV_IRQHandler
                0x0800912c       0x10 ../../libDaisy//build\libdaisy.a(stm32h7xx_hal_i2c.o)
                0x0800912c                HAL_I2C_EV_IRQHandler
 .text.HAL_I2C_GetState
                0x0800913c        0x8 ../../libDaisy//build\libdaisy.a(stm32h7xx_hal_i2c.o)
                0x0800913c                HAL_I2C_GetState
 .text.HAL_I2CEx_ConfigAnalogFilter
                0x08009144       0x54 ../../libDaisy//build\libdaisy.a(stm32h7xx_hal_i2c_ex.o)
                0x08009144                HAL_I2CEx_ConfigAnalogFilter
 .text.HAL_I2CEx_ConfigDigitalFilter
                0x08009198       0x58 ../../libDaisy//build\libdaisy.a(stm32h7xx_hal_i2c_ex.o)
                0x08009198                HAL_I2CEx_ConfigDigitalFilter
 .text.HAL_PCD_IRQHandler
                0x080091f0      0x69c ../../libDaisy//build\libdaisy.a(stm32h7xx_hal_pcd.o)
                0x080091f0                HAL_PCD_IRQHandler
 .text.HAL_PCD_SetAddress
                0x0800988c       0x2c ../../libDaisy//build\libdaisy.a(stm32h7xx_hal_pcd.o)
                0x0800988c                HAL_PCD_SetAddress
 .text.HAL_PCD_EP_Open
                0x080098b8       0x7c ../../libDaisy//build\libdaisy.a(stm32h7xx_hal_pcd.o)
                0x080098b8                HAL_PCD_EP_Open
 .text.HAL_PCD_EP_Receive
                0x08009934       0x50 ../../libDaisy//build\libdaisy.a(stm32h7xx_hal_pcd.o)
                0x08009934                HAL_PCD_EP_Receive
 .text.HAL_PCD_EP_Transmit
                0x08009984       0x50 ../../libDaisy//build\libdaisy.a(stm32h7xx_hal_pcd.o)
                0x08009984                HAL_PCD_EP_Transmit
 .text.HAL_PCD_EP_SetStall
                0x080099d4       0x88 ../../libDaisy//build\libdaisy.a(stm32h7xx_hal_pcd.o)
                0x080099d4                HAL_PCD_EP_SetStall
 .text.HAL_PCD_EP_ClrStall
                0x08009a5c       0x78 ../../libDaisy//build\libdaisy.a(stm32h7xx_hal_pcd.o)
                0x08009a5c                HAL_PCD_EP_ClrStall
 .text.HAL_PCDEx_LPM_Callback
                0x08009ad4        0x4 ../../libDaisy//build\libdaisy.a(stm32h7xx_hal_pcd_ex.o)
                0x08009ad4                HAL_PCDEx_LPM_Callback
 .text.HAL_PWREx_ConfigSupply
                0x08009ad8       0x4c ../../libDaisy//build\libdaisy.a(stm32h7xx_hal_pwr_ex.o)
                0x08009ad8                HAL_PWREx_ConfigSupply
 .text.HAL_PWREx_EnableUSBVoltageDetector
                0x08009b24       0x10 ../../libDaisy//build\libdaisy.a(stm32h7xx_hal_pwr_ex.o)
                0x08009b24                HAL_PWREx_EnableUSBVoltageDetector
 .text.QSPI_Config
                0x08009b34      0x174 ../../libDaisy//build\libdaisy.a(stm32h7xx_hal_qspi.o)
 .text.HAL_QSPI_Init
                0x08009ca8       0xd8 ../../libDaisy//build\libdaisy.a(stm32h7xx_hal_qspi.o)
                0x08009ca8                HAL_QSPI_Init
 .text.HAL_QSPI_DeInit
                0x08009d80       0x3c ../../libDaisy//build\libdaisy.a(stm32h7xx_hal_qspi.o)
                0x08009d80                HAL_QSPI_DeInit
 .text.HAL_QSPI_Command
                0x08009dbc       0xd4 ../../libDaisy//build\libdaisy.a(stm32h7xx_hal_qspi.o)
                0x08009dbc                HAL_QSPI_Command
 .text.HAL_QSPI_Transmit
                0x08009e90       0xfc ../../libDaisy//build\libdaisy.a(stm32h7xx_hal_qspi.o)
                0x08009e90                HAL_QSPI_Transmit
 .text.HAL_QSPI_Receive
                0x08009f8c      0x108 ../../libDaisy//build\libdaisy.a(stm32h7xx_hal_qspi.o)
                0x08009f8c                HAL_QSPI_Receive
 .text.HAL_QSPI_AutoPolling
                0x0800a094       0xf0 ../../libDaisy//build\libdaisy.a(stm32h7xx_hal_qspi.o)
                0x0800a094                HAL_QSPI_AutoPolling
 .text.HAL_QSPI_MemoryMapped
                0x0800a184       0xc0 ../../libDaisy//build\libdaisy.a(stm32h7xx_hal_qspi.o)
                0x0800a184                HAL_QSPI_MemoryMapped
 .text.HAL_QSPI_ErrorCallback
                0x0800a244        0x4 ../../libDaisy//build\libdaisy.a(stm32h7xx_hal_qspi.o)
                0x0800a244                HAL_QSPI_ErrorCallback
 .text.QSPI_DMAAbortCplt
                0x0800a248       0x38 ../../libDaisy//build\libdaisy.a(stm32h7xx_hal_qspi.o)
 .text.HAL_QSPI_AbortCpltCallback
                0x0800a280        0x4 ../../libDaisy//build\libdaisy.a(stm32h7xx_hal_qspi.o)
                0x0800a280                HAL_QSPI_AbortCpltCallback
 .text.HAL_QSPI_CmdCpltCallback
                0x0800a284        0x4 ../../libDaisy//build\libdaisy.a(stm32h7xx_hal_qspi.o)
                0x0800a284                HAL_QSPI_CmdCpltCallback
 .text.HAL_QSPI_RxCpltCallback
                0x0800a288        0x4 ../../libDaisy//build\libdaisy.a(stm32h7xx_hal_qspi.o)
                0x0800a288                HAL_QSPI_RxCpltCallback
 .text.HAL_QSPI_TxCpltCallback
                0x0800a28c        0x4 ../../libDaisy//build\libdaisy.a(stm32h7xx_hal_qspi.o)
                0x0800a28c                HAL_QSPI_TxCpltCallback
 .text.HAL_QSPI_FifoThresholdCallback
                0x0800a290        0x4 ../../libDaisy//build\libdaisy.a(stm32h7xx_hal_qspi.o)
                0x0800a290                HAL_QSPI_FifoThresholdCallback
 .text.HAL_QSPI_StatusMatchCallback
                0x0800a294        0x4 ../../libDaisy//build\libdaisy.a(stm32h7xx_hal_qspi.o)
                0x0800a294                HAL_QSPI_StatusMatchCallback
 .text.HAL_QSPI_TimeOutCallback
                0x0800a298        0x4 ../../libDaisy//build\libdaisy.a(stm32h7xx_hal_qspi.o)
                0x0800a298                HAL_QSPI_TimeOutCallback
 .text.HAL_QSPI_IRQHandler
                0x0800a29c      0x210 ../../libDaisy//build\libdaisy.a(stm32h7xx_hal_qspi.o)
                0x0800a29c                HAL_QSPI_IRQHandler
 .text.HAL_RCC_OscConfig
                0x0800a4ac      0x51c ../../libDaisy//build\libdaisy.a(stm32h7xx_hal_rcc.o)
                0x0800a4ac                HAL_RCC_OscConfig
 .text.HAL_RCC_GetSysClockFreq
                0x0800a9c8      0x140 ../../libDaisy//build\libdaisy.a(stm32h7xx_hal_rcc.o)
                0x0800a9c8                HAL_RCC_GetSysClockFreq
 .text.HAL_RCC_ClockConfig
                0x0800ab08      0x234 ../../libDaisy//build\libdaisy.a(stm32h7xx_hal_rcc.o)
                0x0800ab08                HAL_RCC_ClockConfig
 .text.HAL_RCC_GetHCLKFreq
                0x0800ad3c       0x2c ../../libDaisy//build\libdaisy.a(stm32h7xx_hal_rcc.o)
                0x0800ad3c                HAL_RCC_GetHCLKFreq
 .text.HAL_RCC_GetPCLK1Freq
                0x0800ad68       0x38 ../../libDaisy//build\libdaisy.a(stm32h7xx_hal_rcc.o)
                0x0800ad68                HAL_RCC_GetPCLK1Freq
 .text.HAL_RCC_GetPCLK2Freq
                0x0800ada0       0x38 ../../libDaisy//build\libdaisy.a(stm32h7xx_hal_rcc.o)
                0x0800ada0                HAL_RCC_GetPCLK2Freq
 .text.RCCEx_PLL2_Config
                0x0800add8       0xf4 ../../libDaisy//build\libdaisy.a(stm32h7xx_hal_rcc_ex.o)
 .text.RCCEx_PLL3_Config
                0x0800aecc       0xf4 ../../libDaisy//build\libdaisy.a(stm32h7xx_hal_rcc_ex.o)
 .text.HAL_RCCEx_PeriphCLKConfig
                0x0800afc0      0xa7c ../../libDaisy//build\libdaisy.a(stm32h7xx_hal_rcc_ex.o)
                0x0800afc0                HAL_RCCEx_PeriphCLKConfig
 .text.HAL_RCCEx_GetD3PCLK1Freq
                0x0800ba3c       0x24 ../../libDaisy//build\libdaisy.a(stm32h7xx_hal_rcc_ex.o)
                0x0800ba3c                HAL_RCCEx_GetD3PCLK1Freq
 .text.HAL_RCCEx_GetPLL2ClockFreq
                0x0800ba60      0x17c ../../libDaisy//build\libdaisy.a(stm32h7xx_hal_rcc_ex.o)
                0x0800ba60                HAL_RCCEx_GetPLL2ClockFreq
 .text.HAL_RCCEx_GetPLL3ClockFreq
                0x0800bbdc      0x17c ../../libDaisy//build\libdaisy.a(stm32h7xx_hal_rcc_ex.o)
                0x0800bbdc                HAL_RCCEx_GetPLL3ClockFreq
 .text.HAL_RCCEx_GetPLL1ClockFreq
                0x0800bd58      0x17c ../../libDaisy//build\libdaisy.a(stm32h7xx_hal_rcc_ex.o)
                0x0800bd58                HAL_RCCEx_GetPLL1ClockFreq
 .text.HAL_RCCEx_GetPeriphCLKFreq
                0x0800bed4      0x198 ../../libDaisy//build\libdaisy.a(stm32h7xx_hal_rcc_ex.o)
                0x0800bed4                HAL_RCCEx_GetPeriphCLKFreq
 .text.HAL_RCCEx_GetD1SysClockFreq
                0x0800c06c       0x2c ../../libDaisy//build\libdaisy.a(stm32h7xx_hal_rcc_ex.o)
                0x0800c06c                HAL_RCCEx_GetD1SysClockFreq
 .text.HAL_SAI_Init.part.0
                0x0800c098      0x348 ../../libDaisy//build\libdaisy.a(stm32h7xx_hal_sai.o)
 .text.HAL_SAI_InitProtocol
                0x0800c3e0      0x178 ../../libDaisy//build\libdaisy.a(stm32h7xx_hal_sai.o)
                0x0800c3e0                HAL_SAI_InitProtocol
 .text.HAL_SAI_Transmit_DMA
                0x0800c558      0x124 ../../libDaisy//build\libdaisy.a(stm32h7xx_hal_sai.o)
                0x0800c558                HAL_SAI_Transmit_DMA
 .text.HAL_SAI_Receive_DMA
                0x0800c67c       0xd0 ../../libDaisy//build\libdaisy.a(stm32h7xx_hal_sai.o)
                0x0800c67c                HAL_SAI_Receive_DMA
 .text.HAL_SAI_TxCpltCallback
                0x0800c74c        0x4 ../../libDaisy//build\libdaisy.a(stm32h7xx_hal_sai.o)
                0x0800c74c                HAL_SAI_TxCpltCallback
 .text.SAI_DMATxCplt
                0x0800c750       0x64 ../../libDaisy//build\libdaisy.a(stm32h7xx_hal_sai.o)
 .text.HAL_SAI_TxHalfCpltCallback
                0x0800c7b4        0x4 ../../libDaisy//build\libdaisy.a(stm32h7xx_hal_sai.o)
                0x0800c7b4                HAL_SAI_TxHalfCpltCallback
 .text.SAI_DMATxHalfCplt
                0x0800c7b8        0xc ../../libDaisy//build\libdaisy.a(stm32h7xx_hal_sai.o)
 .text.SAI_DMARxCplt
                0x0800c7c4       0x64 ../../libDaisy//build\libdaisy.a(stm32h7xx_hal_sai.o)
 .text.SAI_DMARxHalfCplt
                0x0800c828        0xc ../../libDaisy//build\libdaisy.a(stm32h7xx_hal_sai.o)
 .text.HAL_SAI_ErrorCallback
                0x0800c834        0x4 ../../libDaisy//build\libdaisy.a(stm32h7xx_hal_sai.o)
                0x0800c834                HAL_SAI_ErrorCallback
 .text.SAI_DMAError
                0x0800c838       0x6c ../../libDaisy//build\libdaisy.a(stm32h7xx_hal_sai.o)
 .text.HAL_SDRAM_Init
                0x0800c8a4       0x54 ../../libDaisy//build\libdaisy.a(stm32h7xx_hal_sdram.o)
                0x0800c8a4                HAL_SDRAM_Init
 .text.HAL_SDRAM_SendCommand
                0x0800c8f8       0x40 ../../libDaisy//build\libdaisy.a(stm32h7xx_hal_sdram.o)
                0x0800c8f8                HAL_SDRAM_SendCommand
 .text.HAL_SDRAM_ProgramRefreshRate
                0x0800c938       0x30 ../../libDaisy//build\libdaisy.a(stm32h7xx_hal_sdram.o)
                0x0800c938                HAL_SDRAM_ProgramRefreshRate
 .text.HAL_TIM_Base_Init
                0x0800c968      0x140 ../../libDaisy//build\libdaisy.a(stm32h7xx_hal_tim.o)
                0x0800c968                HAL_TIM_Base_Init
 .text.HAL_TIM_Base_Start
                0x0800caa8       0x34 ../../libDaisy//build\libdaisy.a(stm32h7xx_hal_tim.o)
                0x0800caa8                HAL_TIM_Base_Start
 .text.HAL_TIM_Base_Start_IT
                0x0800cadc       0x2c ../../libDaisy//build\libdaisy.a(stm32h7xx_hal_tim.o)
                0x0800cadc                HAL_TIM_Base_Start_IT
 .text.HAL_TIM_ConfigClockSource
                0x0800cb08      0x17c ../../libDaisy//build\libdaisy.a(stm32h7xx_hal_tim.o)
                0x0800cb08                HAL_TIM_ConfigClockSource
 .text.HAL_TIM_OC_DelayElapsedCallback
                0x0800cc84        0x4 ../../libDaisy//build\libdaisy.a(stm32h7xx_hal_tim.o)
                0x0800cc84                HAL_TIM_OC_DelayElapsedCallback
 .text.HAL_TIM_IC_CaptureCallback
                0x0800cc88        0x4 ../../libDaisy//build\libdaisy.a(stm32h7xx_hal_tim.o)
                0x0800cc88                HAL_TIM_IC_CaptureCallback
 .text.HAL_TIM_PWM_PulseFinishedCallback
                0x0800cc8c        0x4 ../../libDaisy//build\libdaisy.a(stm32h7xx_hal_tim.o)
                0x0800cc8c                HAL_TIM_PWM_PulseFinishedCallback
 .text.HAL_TIM_TriggerCallback
                0x0800cc90        0x4 ../../libDaisy//build\libdaisy.a(stm32h7xx_hal_tim.o)
                0x0800cc90                HAL_TIM_TriggerCallback
 .text.HAL_TIM_IRQHandler
                0x0800cc94      0x170 ../../libDaisy//build\libdaisy.a(stm32h7xx_hal_tim.o)
                0x0800cc94                HAL_TIM_IRQHandler
 .text.HAL_TIMEx_MasterConfigSynchronization
                0x0800ce04       0x64 ../../libDaisy//build\libdaisy.a(stm32h7xx_hal_tim_ex.o)
                0x0800ce04                HAL_TIMEx_MasterConfigSynchronization
 .text.HAL_TIMEx_CommutCallback
                0x0800ce68        0x4 ../../libDaisy//build\libdaisy.a(stm32h7xx_hal_tim_ex.o)
                0x0800ce68                HAL_TIMEx_CommutCallback
 .text.HAL_TIMEx_BreakCallback
                0x0800ce6c        0x4 ../../libDaisy//build\libdaisy.a(stm32h7xx_hal_tim_ex.o)
                0x0800ce6c                HAL_TIMEx_BreakCallback
 .text.HAL_TIMEx_Break2Callback
                0x0800ce70        0x4 ../../libDaisy//build\libdaisy.a(stm32h7xx_hal_tim_ex.o)
                0x0800ce70                HAL_TIMEx_Break2Callback
 .text.FMC_SDRAM_Init
                0x0800ce74       0x7c ../../libDaisy//build\libdaisy.a(stm32h7xx_ll_fmc.o)
                0x0800ce74                FMC_SDRAM_Init
 .text.FMC_SDRAM_Timing_Init
                0x0800cef0       0x98 ../../libDaisy//build\libdaisy.a(stm32h7xx_ll_fmc.o)
                0x0800cef0                FMC_SDRAM_Timing_Init
 .text.FMC_SDRAM_SendCommand
                0x0800cf88       0x28 ../../libDaisy//build\libdaisy.a(stm32h7xx_ll_fmc.o)
                0x0800cf88                FMC_SDRAM_SendCommand
 .text.FMC_SDRAM_ProgramRefreshRate
                0x0800cfb0       0x1c ../../libDaisy//build\libdaisy.a(stm32h7xx_ll_fmc.o)
                0x0800cfb0                FMC_SDRAM_ProgramRefreshRate
 .text.USB_SetTurnaroundTime
                0x0800cfcc      0x104 ../../libDaisy//build\libdaisy.a(stm32h7xx_ll_usb.o)
                0x0800cfcc                USB_SetTurnaroundTime
 .text.USB_FlushTxFifo
                0x0800d0d0       0x34 ../../libDaisy//build\libdaisy.a(stm32h7xx_ll_usb.o)
                0x0800d0d0                USB_FlushTxFifo
 .text.USB_GetDevSpeed
                0x0800d104       0x24 ../../libDaisy//build\libdaisy.a(stm32h7xx_ll_usb.o)
                0x0800d104                USB_GetDevSpeed
 .text.USB_ActivateEndpoint
                0x0800d128       0x90 ../../libDaisy//build\libdaisy.a(stm32h7xx_ll_usb.o)
                0x0800d128                USB_ActivateEndpoint
 .text.USB_EPStartXfer
                0x0800d1b8      0x230 ../../libDaisy//build\libdaisy.a(stm32h7xx_ll_usb.o)
                0x0800d1b8                USB_EPStartXfer
 .text.USB_EP0StartXfer
                0x0800d3e8      0x174 ../../libDaisy//build\libdaisy.a(stm32h7xx_ll_usb.o)
                0x0800d3e8                USB_EP0StartXfer
 .text.USB_WritePacket
                0x0800d55c       0x2c ../../libDaisy//build\libdaisy.a(stm32h7xx_ll_usb.o)
                0x0800d55c                USB_WritePacket
 .text.USB_ReadPacket
                0x0800d588       0x20 ../../libDaisy//build\libdaisy.a(stm32h7xx_ll_usb.o)
                0x0800d588                USB_ReadPacket
 .text.USB_EPSetStall
                0x0800d5a8       0x68 ../../libDaisy//build\libdaisy.a(stm32h7xx_ll_usb.o)
                0x0800d5a8                USB_EPSetStall
 .text.USB_EPClearStall
                0x0800d610       0x58 ../../libDaisy//build\libdaisy.a(stm32h7xx_ll_usb.o)
                0x0800d610                USB_EPClearStall
 .text.USB_SetDevAddress
                0x0800d668       0x24 ../../libDaisy//build\libdaisy.a(stm32h7xx_ll_usb.o)
                0x0800d668                USB_SetDevAddress
 .text.USB_ReadInterrupts
                0x0800d68c       0x14 ../../libDaisy//build\libdaisy.a(stm32h7xx_ll_usb.o)
                0x0800d68c                USB_ReadInterrupts
 .text.USB_ReadDevAllOutEpInterrupt
                0x0800d6a0       0x1c ../../libDaisy//build\libdaisy.a(stm32h7xx_ll_usb.o)
                0x0800d6a0                USB_ReadDevAllOutEpInterrupt
 .text.USB_ReadDevAllInEpInterrupt
                0x0800d6bc       0x1c ../../libDaisy//build\libdaisy.a(stm32h7xx_ll_usb.o)
                0x0800d6bc                USB_ReadDevAllInEpInterrupt
 .text.USB_ReadDevOutEPInterrupt
                0x0800d6d8       0x1c ../../libDaisy//build\libdaisy.a(stm32h7xx_ll_usb.o)
                0x0800d6d8                USB_ReadDevOutEPInterrupt
 .text.USB_ReadDevInEPInterrupt
                0x0800d6f4       0x38 ../../libDaisy//build\libdaisy.a(stm32h7xx_ll_usb.o)
                0x0800d6f4                USB_ReadDevInEPInterrupt
 .text.USB_GetMode
                0x0800d72c        0x8 ../../libDaisy//build\libdaisy.a(stm32h7xx_ll_usb.o)
                0x0800d72c                USB_GetMode
 .text.USB_ActivateSetup
                0x0800d734       0x38 ../../libDaisy//build\libdaisy.a(stm32h7xx_ll_usb.o)
                0x0800d734                USB_ActivateSetup
 .text.USB_EP0_OutStart
                0x0800d76c       0x58 ../../libDaisy//build\libdaisy.a(stm32h7xx_ll_usb.o)
                0x0800d76c                USB_EP0_OutStart
 .text.USB_InitFSLSPClkSel
                0x0800d7c4       0x44 ../../libDaisy//build\libdaisy.a(stm32h7xx_ll_usb.o)
                0x0800d7c4                USB_InitFSLSPClkSel
 .text.USB_HC_ReadInterrupt
                0x0800d808        0x8 ../../libDaisy//build\libdaisy.a(stm32h7xx_ll_usb.o)
                0x0800d808                USB_HC_ReadInterrupt
 .text.USB_HC_Halt
                0x0800d810       0xc0 ../../libDaisy//build\libdaisy.a(stm32h7xx_ll_usb.o)
                0x0800d810                USB_HC_Halt
 .text.USB_StopHost
                0x0800d8d0      0x2ec ../../libDaisy//build\libdaisy.a(stm32h7xx_ll_usb.o)
                0x0800d8d0                USB_StopHost
 .text.USBD_SetClassConfig
                0x0800dbbc       0x14 ../../libDaisy//build\libdaisy.a(usbd_core.o)
                0x0800dbbc                USBD_SetClassConfig
 .text.USBD_ClrClassConfig
                0x0800dbd0       0x10 ../../libDaisy//build\libdaisy.a(usbd_core.o)
                0x0800dbd0                USBD_ClrClassConfig
 .text.USBD_LL_SetupStage
                0x0800dbe0       0x5c ../../libDaisy//build\libdaisy.a(usbd_core.o)
                0x0800dbe0                USBD_LL_SetupStage
 .text.USBD_LL_DataOutStage
                0x0800dc3c       0x7c ../../libDaisy//build\libdaisy.a(usbd_core.o)
                0x0800dc3c                USBD_LL_DataOutStage
 .text.USBD_LL_DataInStage
                0x0800dcb8       0xcc ../../libDaisy//build\libdaisy.a(usbd_core.o)
                0x0800dcb8                USBD_LL_DataInStage
 .text.USBD_LL_Reset
                0x0800dd84       0x50 ../../libDaisy//build\libdaisy.a(usbd_core.o)
                0x0800dd84                USBD_LL_Reset
 .text.USBD_LL_SetSpeed
                0x0800ddd4        0x8 ../../libDaisy//build\libdaisy.a(usbd_core.o)
                0x0800ddd4                USBD_LL_SetSpeed
 .text.USBD_LL_Suspend
                0x0800dddc       0x14 ../../libDaisy//build\libdaisy.a(usbd_core.o)
                0x0800dddc                USBD_LL_Suspend
 .text.USBD_LL_Resume
                0x0800ddf0       0x10 ../../libDaisy//build\libdaisy.a(usbd_core.o)
                0x0800ddf0                USBD_LL_Resume
 .text.USBD_LL_SOF
                0x0800de00       0x1c ../../libDaisy//build\libdaisy.a(usbd_core.o)
                0x0800de00                USBD_LL_SOF
 .text.USBD_LL_IsoINIncomplete
                0x0800de1c        0x4 ../../libDaisy//build\libdaisy.a(usbd_core.o)
                0x0800de1c                USBD_LL_IsoINIncomplete
 .text.USBD_LL_IsoOUTIncomplete
                0x0800de20        0x4 ../../libDaisy//build\libdaisy.a(usbd_core.o)
                0x0800de20                USBD_LL_IsoOUTIncomplete
 .text.USBD_LL_DevConnected
                0x0800de24        0x4 ../../libDaisy//build\libdaisy.a(usbd_core.o)
                0x0800de24                USBD_LL_DevConnected
 .text.USBD_LL_DevDisconnected
                0x0800de28       0x18 ../../libDaisy//build\libdaisy.a(usbd_core.o)
                0x0800de28                USBD_LL_DevDisconnected
 .text.USBD_StdDevReq
                0x0800de40      0x304 ../../libDaisy//build\libdaisy.a(usbd_ctlreq.o)
                0x0800de40                USBD_StdDevReq
 .text.USBD_StdItfReq
                0x0800e144       0x68 ../../libDaisy//build\libdaisy.a(usbd_ctlreq.o)
                0x0800e144                USBD_StdItfReq
 .text.USBD_StdEPReq
                0x0800e1ac      0x13c ../../libDaisy//build\libdaisy.a(usbd_ctlreq.o)
                0x0800e1ac                USBD_StdEPReq
 .text.USBD_ParseSetupRequest
                0x0800e2e8       0x28 ../../libDaisy//build\libdaisy.a(usbd_ctlreq.o)
                0x0800e2e8                USBD_ParseSetupRequest
 .text.USBD_CtlSendData
                0x0800e310       0x1c ../../libDaisy//build\libdaisy.a(usbd_ioreq.o)
                0x0800e310                USBD_CtlSendData
 .text.USBD_CtlContinueSendData
                0x0800e32c       0x14 ../../libDaisy//build\libdaisy.a(usbd_ioreq.o)
                0x0800e32c                USBD_CtlContinueSendData
 .text.USBD_CtlContinueRx
                0x0800e340       0x14 ../../libDaisy//build\libdaisy.a(usbd_ioreq.o)
                0x0800e340                USBD_CtlContinueRx
 .text.USBD_CtlSendStatus
                0x0800e354       0x18 ../../libDaisy//build\libdaisy.a(usbd_ioreq.o)
                0x0800e354                USBD_CtlSendStatus
 .text.USBD_CtlReceiveStatus
                0x0800e36c       0x18 ../../libDaisy//build\libdaisy.a(usbd_ioreq.o)
                0x0800e36c                USBD_CtlReceiveStatus
 .text.USBH_LL_IncTimer
                0x0800e384       0x20 ../../libDaisy//build\libdaisy.a(usbh_core.o)
                0x0800e384                USBH_LL_IncTimer
 .text.USBH_LL_PortEnabled
                0x0800e3a4        0x8 ../../libDaisy//build\libdaisy.a(usbh_core.o)
                0x0800e3a4                USBH_LL_PortEnabled
 .text.USBH_LL_PortDisabled
                0x0800e3ac        0x8 ../../libDaisy//build\libdaisy.a(usbh_core.o)
                0x0800e3ac                USBH_LL_PortDisabled
 .text.USBH_LL_Connect
                0x0800e3b4       0x18 ../../libDaisy//build\libdaisy.a(usbh_core.o)
                0x0800e3b4                USBH_LL_Connect
 .text.USBH_LL_Disconnect
                0x0800e3cc       0x2c ../../libDaisy//build\libdaisy.a(usbh_core.o)
                0x0800e3cc                USBH_LL_Disconnect
 .text.USBH_FreePipe
                0x0800e3f8       0x18 ../../libDaisy//build\libdaisy.a(usbh_pipes.o)
                0x0800e3f8                USBH_FreePipe
 .text._ZN5daisy6Random4InitEv
                0x0800e410       0x3c ../../libDaisy//build\libdaisy.a(rng.o)
                0x0800e410                daisy::Random::Init()
 .text._ZN5daisy9SpiHandle4Impl7InitDmaEv
                0x0800e44c       0xec ../../libDaisy//build\libdaisy.a(spi.o)
                0x0800e44c                daisy::SpiHandle::Impl::InitDma()
 .text._ZN5daisy9SpiHandle4Impl10StartDmaTxEPhjPFvPvEPFvS3_NS0_6ResultEES3_
                0x0800e538       0xc8 ../../libDaisy//build\libdaisy.a(spi.o)
                0x0800e538                daisy::SpiHandle::Impl::StartDmaTx(unsigned char*, unsigned int, void (*)(void*), void (*)(void*, daisy::SpiHandle::Result), void*)
 .text._ZN5daisy9SpiHandle4Impl10StartDmaRxEPhjPFvPvEPFvS3_NS0_6ResultEES3_
                0x0800e600       0xc8 ../../libDaisy//build\libdaisy.a(spi.o)
                0x0800e600                daisy::SpiHandle::Impl::StartDmaRx(unsigned char*, unsigned int, void (*)(void*), void (*)(void*, daisy::SpiHandle::Result), void*)
 .text._ZN5daisy9SpiHandle4Impl12StartDmaRxTxEPhS2_jPFvPvEPFvS3_NS0_6ResultEES3_
                0x0800e6c8       0xcc ../../libDaisy//build\libdaisy.a(spi.o)
                0x0800e6c8                daisy::SpiHandle::Impl::StartDmaRxTx(unsigned char*, unsigned char*, unsigned int, void (*)(void*), void (*)(void*, daisy::SpiHandle::Result), void*)
 .text._ZN5daisy9SpiHandle4Impl8InitPinsEv
                0x0800e794      0x274 ../../libDaisy//build\libdaisy.a(spi.o)
                0x0800e794                daisy::SpiHandle::Impl::InitPins()
 .text.HAL_SPI_MspInit
                0x0800ea08      0x1a8 ../../libDaisy//build\libdaisy.a(spi.o)
                0x0800ea08                HAL_SPI_MspInit
 .text.dsy_spi_global_init
                0x0800ebb0       0x80 ../../libDaisy//build\libdaisy.a(spi.o)
                0x0800ebb0                dsy_spi_global_init
 .text.SPI1_IRQHandler
                0x0800ec30        0xc ../../libDaisy//build\libdaisy.a(spi.o)
                0x0800ec30                SPI1_IRQHandler
 .text.SPI2_IRQHandler
                0x0800ec3c        0xc ../../libDaisy//build\libdaisy.a(spi.o)
                0x0800ec3c                SPI2_IRQHandler
 .text.SPI3_IRQHandler
                0x0800ec48        0xc ../../libDaisy//build\libdaisy.a(spi.o)
                0x0800ec48                SPI3_IRQHandler
 .text.SPI4_IRQHandler
                0x0800ec54        0xc ../../libDaisy//build\libdaisy.a(spi.o)
                0x0800ec54                SPI4_IRQHandler
 .text.SPI5_IRQHandler
                0x0800ec60        0xc ../../libDaisy//build\libdaisy.a(spi.o)
                0x0800ec60                SPI5_IRQHandler
 .text.DMA2_Stream2_IRQHandler
                0x0800ec6c       0x34 ../../libDaisy//build\libdaisy.a(spi.o)
                0x0800ec6c                DMA2_Stream2_IRQHandler
 .text.DMA2_Stream3_IRQHandler
                0x0800eca0       0x38 ../../libDaisy//build\libdaisy.a(spi.o)
                0x0800eca0                DMA2_Stream3_IRQHandler
 .text.HAL_SPI_TxCpltCallback
                0x0800ecd8       0xc4 ../../libDaisy//build\libdaisy.a(spi.o)
                0x0800ecd8                HAL_SPI_TxCpltCallback
 .text.HAL_SPI_RxCpltCallback
                0x0800ed9c       0xc4 ../../libDaisy//build\libdaisy.a(spi.o)
                0x0800ed9c                HAL_SPI_RxCpltCallback
 .text.HAL_SPI_TxRxCpltCallback
                0x0800ee60       0xc4 ../../libDaisy//build\libdaisy.a(spi.o)
                0x0800ee60                HAL_SPI_TxRxCpltCallback
 .text.HAL_SPI_ErrorCallback
                0x0800ef24       0xc8 ../../libDaisy//build\libdaisy.a(spi.o)
                0x0800ef24                HAL_SPI_ErrorCallback
 .text.startup._GLOBAL__sub_I__Z19MapInstanceToHandleP11SPI_TypeDef
                0x0800efec      0x1b0 ../../libDaisy//build\libdaisy.a(spi.o)
 .text.HAL_TIM_Base_MspInit
                0x0800f19c      0x1e0 ../../libDaisy//build\libdaisy.a(tim.o)
                0x0800f19c                HAL_TIM_Base_MspInit
 .text.HAL_TIM_PeriodElapsedCallback
                0x0800f37c       0x44 ../../libDaisy//build\libdaisy.a(tim.o)
                0x0800f37c                HAL_TIM_PeriodElapsedCallback
 .text.TIM2_IRQHandler
                0x0800f3c0        0xc ../../libDaisy//build\libdaisy.a(tim.o)
                0x0800f3c0                TIM2_IRQHandler
 .text.TIM3_IRQHandler
                0x0800f3cc        0xc ../../libDaisy//build\libdaisy.a(tim.o)
                0x0800f3cc                TIM3_IRQHandler
 .text.TIM4_IRQHandler
                0x0800f3d8        0xc ../../libDaisy//build\libdaisy.a(tim.o)
                0x0800f3d8                TIM4_IRQHandler
 .text.TIM5_IRQHandler
                0x0800f3e4        0xc ../../libDaisy//build\libdaisy.a(tim.o)
                0x0800f3e4                TIM5_IRQHandler
 .text._ZN5daisy11TimerHandle4InitERKNS0_6ConfigE
                0x0800f3f0       0xd0 ../../libDaisy//build\libdaisy.a(tim.o)
                0x0800f3f0                daisy::TimerHandle::Init(daisy::TimerHandle::Config const&)
 .text._ZN5daisy11TimerHandle5StartEv
                0x0800f4c0       0x24 ../../libDaisy//build\libdaisy.a(tim.o)
                0x0800f4c0                daisy::TimerHandle::Start()
 .text.startup._GLOBAL__sub_I__ZN5daisy11TimerHandle4Impl4InitERKNS0_6ConfigE
                0x0800f4e4       0x38 ../../libDaisy//build\libdaisy.a(tim.o)
 .text._ZL20UART_CheckRxListenerPN5daisy11UartHandler4ImplE
                0x0800f51c       0x84 ../../libDaisy//build\libdaisy.a(uart.o)
 .text._ZN5daisy11UartHandler4Impl10StartDmaTxEPhjPFvPvEPFvS3_NS0_6ResultEES3_
                0x0800f5a0      0x184 ../../libDaisy//build\libdaisy.a(uart.o)
                0x0800f5a0                daisy::UartHandler::Impl::StartDmaTx(unsigned char*, unsigned int, void (*)(void*), void (*)(void*, daisy::UartHandler::Result), void*)
 .text._ZN5daisy11UartHandler4Impl10StartDmaRxEPhjPFvPvEPFvS3_NS0_6ResultEES3_
                0x0800f724      0x184 ../../libDaisy//build\libdaisy.a(uart.o)
                0x0800f724                daisy::UartHandler::Impl::StartDmaRx(unsigned char*, unsigned int, void (*)(void*), void (*)(void*, daisy::UartHandler::Result), void*)
 .text._ZN5daisy11UartHandler4Impl19DmaTransferFinishedEP20__UART_HandleTypeDefNS0_6ResultE
                0x0800f8a8       0xc0 ../../libDaisy//build\libdaisy.a(uart.o)
                0x0800f8a8                daisy::UartHandler::Impl::DmaTransferFinished(__UART_HandleTypeDef*, daisy::UartHandler::Result)
 .text._ZN5daisy11UartHandler4Impl8InitPinsEv
                0x0800f968      0x154 ../../libDaisy//build\libdaisy.a(uart.o)
                0x0800f968                daisy::UartHandler::Impl::InitPins()
 .text.HAL_UART_MspInit
                0x0800fabc      0x210 ../../libDaisy//build\libdaisy.a(uart.o)
                0x0800fabc                HAL_UART_MspInit
 .text.dsy_uart_global_init
                0x0800fccc      0x110 ../../libDaisy//build\libdaisy.a(uart.o)
                0x0800fccc                dsy_uart_global_init
 .text.USART1_IRQHandler
                0x0800fddc       0x2c ../../libDaisy//build\libdaisy.a(uart.o)
                0x0800fddc                USART1_IRQHandler
 .text.USART2_IRQHandler
                0x0800fe08       0x34 ../../libDaisy//build\libdaisy.a(uart.o)
                0x0800fe08                USART2_IRQHandler
 .text.USART3_IRQHandler
                0x0800fe3c       0x34 ../../libDaisy//build\libdaisy.a(uart.o)
                0x0800fe3c                USART3_IRQHandler
 .text.UART4_IRQHandler
                0x0800fe70       0x34 ../../libDaisy//build\libdaisy.a(uart.o)
                0x0800fe70                UART4_IRQHandler
 .text.UART5_IRQHandler
                0x0800fea4       0x34 ../../libDaisy//build\libdaisy.a(uart.o)
                0x0800fea4                UART5_IRQHandler
 .text.USART6_IRQHandler
                0x0800fed8       0x34 ../../libDaisy//build\libdaisy.a(uart.o)
                0x0800fed8                USART6_IRQHandler
 .text.UART7_IRQHandler
                0x0800ff0c       0x34 ../../libDaisy//build\libdaisy.a(uart.o)
                0x0800ff0c                UART7_IRQHandler
 .text.UART8_IRQHandler
                0x0800ff40       0x34 ../../libDaisy//build\libdaisy.a(uart.o)
                0x0800ff40                UART8_IRQHandler
 .text.LPUART1_IRQHandler
                0x0800ff74       0x34 ../../libDaisy//build\libdaisy.a(uart.o)
                0x0800ff74                LPUART1_IRQHandler
 .text.DMA1_Stream5_IRQHandler
                0x0800ffa8       0x34 ../../libDaisy//build\libdaisy.a(uart.o)
                0x0800ffa8                DMA1_Stream5_IRQHandler
 .text.DMA2_Stream4_IRQHandler
                0x0800ffdc       0x38 ../../libDaisy//build\libdaisy.a(uart.o)
                0x0800ffdc                DMA2_Stream4_IRQHandler
 .text.HAL_UART_TxCpltCallback
                0x08010014        0x8 ../../libDaisy//build\libdaisy.a(uart.o)
                0x08010014                HAL_UART_TxCpltCallback
 .text.HAL_UART_RxCpltCallback
                0x0801001c       0x94 ../../libDaisy//build\libdaisy.a(uart.o)
                0x0801001c                HAL_UART_RxCpltCallback
 .text.HAL_UART_RxHalfCpltCallback
                0x080100b0       0x90 ../../libDaisy//build\libdaisy.a(uart.o)
                0x080100b0                HAL_UART_RxHalfCpltCallback
 .text.HAL_UART_ErrorCallback
                0x08010140        0x8 ../../libDaisy//build\libdaisy.a(uart.o)
                0x08010140                HAL_UART_ErrorCallback
 .text.startup._GLOBAL__sub_I__Z19MapInstanceToHandleP13USART_TypeDef
                0x08010148      0x194 ../../libDaisy//build\libdaisy.a(uart.o)
 .text.dsy_dma_init
                0x080102dc      0x100 ../../libDaisy//build\libdaisy.a(dma.o)
                0x080102dc                dsy_dma_init
 .text.dsy_dma_invalidate_cache_for_buffer
                0x080103dc       0x2c ../../libDaisy//build\libdaisy.a(dma.o)
                0x080103dc                dsy_dma_invalidate_cache_for_buffer
 .text.HAL_MDMA_Abort_IT
                0x08010408       0x2c ../../libDaisy//build\libdaisy.a(stm32h7xx_hal_mdma.o)
                0x08010408                HAL_MDMA_Abort_IT
 .text.SPI_CloseTransfer
                0x08010434       0xb8 ../../libDaisy//build\libdaisy.a(stm32h7xx_hal_spi.o)
 .text.HAL_SPI_Init
                0x080104ec      0x15c ../../libDaisy//build\libdaisy.a(stm32h7xx_hal_spi.o)
                0x080104ec                HAL_SPI_Init
 .text.HAL_SPI_Transmit_DMA
                0x08010648      0x170 ../../libDaisy//build\libdaisy.a(stm32h7xx_hal_spi.o)
                0x08010648                HAL_SPI_Transmit_DMA
 .text.HAL_SPI_TransmitReceive_DMA
                0x080107b8      0x218 ../../libDaisy//build\libdaisy.a(stm32h7xx_hal_spi.o)
                0x080107b8                HAL_SPI_TransmitReceive_DMA
 .text.HAL_SPI_Receive_DMA
                0x080109d0      0x1b4 ../../libDaisy//build\libdaisy.a(stm32h7xx_hal_spi.o)
                0x080109d0                HAL_SPI_Receive_DMA
 .text.SPI_DMATransmitCplt
                0x08010b84       0x28 ../../libDaisy//build\libdaisy.a(stm32h7xx_hal_spi.o)
 .text.SPI_DMAReceiveCplt
                0x08010bac       0x28 ../../libDaisy//build\libdaisy.a(stm32h7xx_hal_spi.o)
 .text.SPI_DMATransmitReceiveCplt
                0x08010bd4       0x28 ../../libDaisy//build\libdaisy.a(stm32h7xx_hal_spi.o)
 .text.HAL_SPI_TxHalfCpltCallback
                0x08010bfc        0x4 ../../libDaisy//build\libdaisy.a(stm32h7xx_hal_spi.o)
                0x08010bfc                HAL_SPI_TxHalfCpltCallback
 .text.SPI_DMAHalfTransmitCplt
                0x08010c00        0xc ../../libDaisy//build\libdaisy.a(stm32h7xx_hal_spi.o)
 .text.HAL_SPI_RxHalfCpltCallback
                0x08010c0c        0x4 ../../libDaisy//build\libdaisy.a(stm32h7xx_hal_spi.o)
                0x08010c0c                HAL_SPI_RxHalfCpltCallback
 .text.SPI_DMAHalfReceiveCplt
                0x08010c10        0xc ../../libDaisy//build\libdaisy.a(stm32h7xx_hal_spi.o)
 .text.HAL_SPI_TxRxHalfCpltCallback
                0x08010c1c        0x4 ../../libDaisy//build\libdaisy.a(stm32h7xx_hal_spi.o)
                0x08010c1c                HAL_SPI_TxRxHalfCpltCallback
 .text.SPI_DMAHalfTransmitReceiveCplt
                0x08010c20        0xc ../../libDaisy//build\libdaisy.a(stm32h7xx_hal_spi.o)
 .text.SPI_DMAError
                0x08010c2c       0xd8 ../../libDaisy//build\libdaisy.a(stm32h7xx_hal_spi.o)
 .text.HAL_SPI_IRQHandler
                0x08010d04      0x23c ../../libDaisy//build\libdaisy.a(stm32h7xx_hal_spi.o)
                0x08010d04                HAL_SPI_IRQHandler
 .text.SPI_DMAAbortOnError
                0x08010f40       0x1c ../../libDaisy//build\libdaisy.a(stm32h7xx_hal_spi.o)
 .text.HAL_SPI_GetState
                0x08010f5c        0x8 ../../libDaisy//build\libdaisy.a(stm32h7xx_hal_spi.o)
                0x08010f5c                HAL_SPI_GetState
 .text.HAL_UART_Transmit_DMA
                0x08010f64       0xa4 ../../libDaisy//build\libdaisy.a(stm32h7xx_hal_uart.o)
                0x08010f64                HAL_UART_Transmit_DMA
 .text.HAL_UART_Receive_DMA
                0x08011008       0xac ../../libDaisy//build\libdaisy.a(stm32h7xx_hal_uart.o)
                0x08011008                HAL_UART_Receive_DMA
 .text.UART_DMATransmitCplt
                0x080110b4       0x2c ../../libDaisy//build\libdaisy.a(stm32h7xx_hal_uart.o)
 .text.HAL_UART_TxHalfCpltCallback
                0x080110e0        0x4 ../../libDaisy//build\libdaisy.a(stm32h7xx_hal_uart.o)
                0x080110e0                HAL_UART_TxHalfCpltCallback
 .text.UART_DMATxHalfCplt
                0x080110e4        0xc ../../libDaisy//build\libdaisy.a(stm32h7xx_hal_uart.o)
 .text.UART_DMAReceiveCplt
                0x080110f0       0x38 ../../libDaisy//build\libdaisy.a(stm32h7xx_hal_uart.o)
 .text.UART_DMARxHalfCplt
                0x08011128        0xc ../../libDaisy//build\libdaisy.a(stm32h7xx_hal_uart.o)
 .text.UART_DMAError
                0x08011134       0x78 ../../libDaisy//build\libdaisy.a(stm32h7xx_hal_uart.o)
 .text.HAL_UART_IRQHandler
                0x080111ac      0x1d0 ../../libDaisy//build\libdaisy.a(stm32h7xx_hal_uart.o)
                0x080111ac                HAL_UART_IRQHandler
 .text.UART_DMAAbortOnError
                0x0801137c       0x14 ../../libDaisy//build\libdaisy.a(stm32h7xx_hal_uart.o)
 .text.HAL_UART_GetState
                0x08011390        0xc ../../libDaisy//build\libdaisy.a(stm32h7xx_hal_uart.o)
                0x08011390                HAL_UART_GetState
 .text.UART_SetConfig
                0x0801139c     0x14b8 ../../libDaisy//build\libdaisy.a(stm32h7xx_hal_uart.o)
                0x0801139c                UART_SetConfig
 .text.UART_AdvFeatureConfig
                0x08012854       0xb0 ../../libDaisy//build\libdaisy.a(stm32h7xx_hal_uart.o)
                0x08012854                UART_AdvFeatureConfig
 .text.UART_CheckIdleState
                0x08012904       0x84 ../../libDaisy//build\libdaisy.a(stm32h7xx_hal_uart.o)
                0x08012904                UART_CheckIdleState
 .text.HAL_UART_Init
                0x08012988       0x68 ../../libDaisy//build\libdaisy.a(stm32h7xx_hal_uart.o)
                0x08012988                HAL_UART_Init
 .text.HAL_UARTEx_WakeupCallback
                0x080129f0        0x4 ../../libDaisy//build\libdaisy.a(stm32h7xx_hal_uart_ex.o)
                0x080129f0                HAL_UARTEx_WakeupCallback
 .text.HAL_UARTEx_RxFifoFullCallback
                0x080129f4        0x4 ../../libDaisy//build\libdaisy.a(stm32h7xx_hal_uart_ex.o)
                0x080129f4                HAL_UARTEx_RxFifoFullCallback
 .text.HAL_UARTEx_TxFifoEmptyCallback
                0x080129f8        0x4 ../../libDaisy//build\libdaisy.a(stm32h7xx_hal_uart_ex.o)
                0x080129f8                HAL_UARTEx_TxFifoEmptyCallback
 .text._ZN7daisysp9Overdrive4InitEv
                0x080129fc       0xc0 ../../DaisySP//build\libdaisysp.a(overdrive.o)
                0x080129fc                daisysp::Overdrive::Init()
 .text._ZN7daisysp9Overdrive7ProcessEf
                0x08012abc       0x6c ../../DaisySP//build\libdaisysp.a(overdrive.o)
                0x08012abc                daisysp::Overdrive::Process(float)
 .text._ZN7daisysp9Overdrive8SetDriveEf
                0x08012b28       0xc0 ../../DaisySP//build\libdaisysp.a(overdrive.o)
                0x08012b28                daisysp::Overdrive::SetDrive(float)
 .text._ZN7daisysp3Svf4InitEf
                0x08012be8       0x48 ../../DaisySP//build\libdaisysp.a(svf.o)
                0x08012be8                daisysp::Svf::Init(float)
 .text._ZN7daisysp3Svf7ProcessEf
                0x08012c30       0xc8 ../../DaisySP//build\libdaisysp.a(svf.o)
                0x08012c30                daisysp::Svf::Process(float)
 .text._ZN7daisysp3Svf7SetFreqEf
                0x08012cf8       0xc8 ../../DaisySP//build\libdaisysp.a(svf.o)
                0x08012cf8                daisysp::Svf::SetFreq(float)
 .text._ZN7daisysp3Svf6SetResEf
                0x08012dc0       0x8c ../../DaisySP//build\libdaisysp.a(svf.o)
                0x08012dc0                daisysp::Svf::SetRes(float)
 .text._ZN7daisysp3Svf8SetDriveEf
                0x08012e4c       0x34 ../../DaisySP//build\libdaisysp.a(svf.o)
                0x08012e4c                daisysp::Svf::SetDrive(float)
 .text._ZN7daisysp10Oscillator7ProcessEv
                0x08012e80      0x374 ../../DaisySP//build\libdaisysp.a(oscillator.o)
                0x08012e80                daisysp::Oscillator::Process()
 .text._ZN7daisysp10Oscillator12CalcPhaseIncEf
                0x080131f4        0xc ../../DaisySP//build\libdaisysp.a(oscillator.o)
                0x080131f4                daisysp::Oscillator::CalcPhaseInc(float)
 .text.__aeabi_atexit
                0x08013200        0xa c:/program files/daisytoolchain/bin/../lib/gcc/arm-none-eabi/10.2.1/../../../../arm-none-eabi/lib/thumb/v7e-m+dp/hard\libstdc++_nano.a(atexit_arm.o)
                0x08013200                __aeabi_atexit
 *fill*         0x0801320a        0x6 
 .text.powf     0x08013210      0x328 c:/program files/daisytoolchain/bin/../lib/gcc/arm-none-eabi/10.2.1/../../../../arm-none-eabi/lib/thumb/v7e-m+dp/hard\libm.a(lib_a-sf_pow.o)
                0x08013210                powf
 .text.sinf     0x08013538      0x20c c:/program files/daisytoolchain/bin/../lib/gcc/arm-none-eabi/10.2.1/../../../../arm-none-eabi/lib/thumb/v7e-m+dp/hard\libm.a(lib_a-sinf.o)